Godot Engine v4.7.2.stable.mono.official.ed1daf0bf - https://godotengine.org
D3D12 12_0 - Forward+ - Using Device #0: AMD - AMD Radeon RX 6950 XT

[waterfall] at stream s 109.4 (29.0 m above the crossing), drop 2.28 m, curtain (-21.60702, 8.20504, -162.55476)
[storytest] --story-from=6: continuing into 'Act 6: the bridge and the clearing' at Act5CabinEntered with 9 flags, gear 'lantern,compass,newel_post;tool=None'
[bunker] CRT room: 127 screens
[bunker] interior built in 96 ms
[story] Act 6 layout (name, xz, yaw deg, footprint w x l):
  MiniStair0  (   9.0,  17.2) yaw    3 whole   4.2 x 10.3 m (trail)
  MiniStair1  (  -2.8,  11.4) yaw  162 whole   4.2 x 10.9 m
  MiniStair2  (  14.6,   5.1) yaw  224 ruined  3.3 x  7.1 m
  MiniStair3  ( -11.7, -10.1) yaw  161 whole   4.2 x 10.9 m
  MiniStair4  (  -9.8,   6.0) yaw  160 whole   4.2 x 10.9 m
  MiniStair5  (  -7.2, -19.1) yaw   19 ruined  5.1 x 10.2 m
  MiniStair6  (  18.0,   1.7) yaw  324 whole   4.2 x 10.9 m
  MiniStair7  ( -19.3,   5.9) yaw   47 whole   4.2 x 10.3 m
  MiniStair8  ( -22.1,  12.3) yaw  147 ruined  3.9 x  7.0 m
  MiniStair9  (   4.7, -24.2) yaw  265 whole   4.2 x 10.6 m
  MiniStair10 ( -20.4,  -8.8) yaw  327 whole   4.2 x 10.9 m
  MiniStair11 (   1.6,  24.7) yaw  148 ruined  4.4 x  9.5 m
  MiniStair12 (  17.4,  17.6) yaw  258 whole   4.2 x 10.9 m
  MiniStair13 ( -24.4, -17.4) yaw  161 whole   4.2 x 10.9 m
  MiniStair14 (   0.5,  17.5) yaw  252 ruined  4.3 x  4.7 m
[storytest] ---- Act 6: the bridge and the clearing
[story] checkpoint reached: Act6BridgeCrossed
[story] Act 6: the clearing is closed but for the trail
[story] Act 6: the woods around the clearing turn
[story] Act 6: the bridge is crossed
[storytest] PASS checkpoint 5 on crossing the footbridge 
[storytest] PASS the compass points at the clearing objective (2, 0, -590), stairs_clearing_marker (2, 0, -590)
[storytest] PASS fifteen small stairs in the clearing 15
[story] flag set: clearing_voice_heard
[story] Act 6: the clearing has spoken
[story] Act 6: the clearing waits for a staircase to be chosen (4 climbs, 7 legs)
[storytest] PASS the clearing's voice 
[storytest] PASS the spotlight finds the player 
[storytest] PASS the voice is the saved beat 
[storytest] PASS the cap stays in hand (it belongs to the last staircase) 
[storytest] PASS the clearing's staircase stays broken 
[storytest] PASS after the voice the clearing waits for a choice: nothing lit armed True, target 
[storytest] PASS the compass rests on the clearing until a flight is chosen objective (-10, 10.545584, -588), clearing_loop_marker (-10, 10.545584, -588)
[storytest] PASS only the whole staircases carry the loop 10 loop stairs, ruined 0
[storytest] PASS the whole staircases are all much the same size steps 17-19, scale 1.35, width 1.50
[storytest] PASS no two clearing staircases overlap 16 flights
[storytest] PASS one whole staircase stands in the trail's mouth MiniStair0, 0.0 m off the trail
[storytest] PASS the clearing is thick with fog height fog -0.070
[storytest] PASS the clearing is closed 
[storytest] PASS the clearing is closed but for the way in entrance open True, onward blocked True, side blocked True
[story] it is raining blood
[story] Act 6: the loop starts on MiniStair0
[storytest] PASS stepping onto a staircase starts the loop target MiniStair0, chosen MiniStair0
[storytest] PASS the light and the compass follow the chosen flight objective (-1.3363104, 12.188818, -576.13574), clearing_loop_marker (-1.3363104, 12.188818, -576.13574)
[storytest] PASS blood begins to rain as the loop starts 
[storytest] PASS up and down legs are planned 7 legs, 4 climbs
[story]   after hand-off 0.0s: on MiniStair7 local (0.00, 2.25, -3.94) floor True vel 0.00 target MiniStair7 stage 1
[story] Act 6: the loop, leg 2 of 7 (down MiniStair7)
[story]   after hand-off 0.3s: on MiniStair7 local (0.12, 2.14, -3.66) floor True vel 2.66 target MiniStair7 stage 1
[storytest] PASS leg 1 (up MiniStair0): the end is reached on foot (-32.030746, 12.627362, -585.3545) vs (-1.3363104, 12.188818, -576.13574)
[storytest] PASS leg 1: the swim put them at the top of another flight, still walking MiniStair7 at (-32.030746, 12.627362, -585.3545) vs (-33.156395, 12.715765, -585.7222), input True
[storytest] PASS the compass follows the leg objective (-27.871868, 9.893265, -580.8118), clearing_loop_marker (-27.871868, 9.893265, -580.8118)
[story]   after hand-off 0.6s: on MiniStair7 local (0.41, 2.02, -3.05) floor True vel 2.70 target MiniStair7 stage 1
[story]   after hand-off 0.9s: on MiniStair7 local (0.40, 1.66, -2.46) floor True vel 2.70 target MiniStair7 stage 1
[story] Act 6: the foot of MiniStair7 reached at local (0.20, 0.51, -0.56)
[story]   after hand-off 0.0s: on MiniStair13 local (0.00, 0.16, 1.40) floor True vel 0.00 target MiniStair13 stage 2
[story] Act 6: the loop, leg 3 of 7 (up MiniStair13)
[story]   after hand-off 0.3s: on MiniStair13 local (-0.16, 0.21, 1.14) floor True vel 2.64 target MiniStair13 stage 2
[story]   after hand-off 0.6s: on MiniStair13 local (-0.48, 0.12, 0.62) floor True vel 2.70 target MiniStair13 stage 2
[story]   after hand-off 0.9s: on MiniStair13 local (-0.79, 0.09, 0.13) floor True vel 2.70 target MiniStair13 stage 2
[storytest] PASS leg 2 (down MiniStair7): the end is reached on foot (-32.684505, 12.079478, -603.92664) vs (-27.871868, 9.893265, -580.8118)
[storytest] FAIL leg 2: the swim put them at the foot of another flight, still walking MiniStair13 at (-32.684505, 12.079478, -603.92664) vs (-33.80632, 12.101738, -607.1506), input True
[storytest] PASS the compass follows the leg objective (-36.33197, 15.264238, -599.7985), clearing_loop_marker (-36.33197, 15.264238, -599.7985)
[storytest] FAIL leg 3 (up MiniStair13): the end is reached on foot (-33.2576, 11.802337, -601.0871) vs (-36.33197, 15.264238, -599.7985)
[story]   after hand-off 0.0s: on MiniStair4 local (-0.00, 2.50, -4.36) floor True vel 0.00 target MiniStair4 stage 3
[story] Act 6: the loop, leg 4 of 7 (down MiniStair4)
[story]   after hand-off 0.3s: on MiniStair4 local (-0.00, 2.39, -4.36) floor True vel 0.00 target MiniStair4 stage 3
[storytest] PASS leg 3: the swim put them at the top of another flight, still walking MiniStair4 at (-21.77302, 12.756102, -576.4154) vs (-21.77302, 12.755516, -576.4154), input True
[storytest] PASS the compass follows the leg objective (-19.165047, 9.593016, -583.73865), clearing_loop_marker (-19.165047, 9.593016, -583.73865)
[story]   after hand-off 0.6s: on MiniStair4 local (-0.00, 2.39, -4.21) floor True vel 1.80 target MiniStair4 stage 3
[story]   after hand-off 0.9s: on MiniStair4 local (0.00, 2.35, -3.61) floor True vel 2.70 target MiniStair4 stage 3
[story] Act 6: the foot of MiniStair4 reached at local (-0.00, 0.50, -0.56)
[storytest] PASS leg 4 (down MiniStair4): the end is reached on foot (-20.05224, 10.205515, -581.2474) vs (-19.165047, 9.593016, -583.73865)
[story]   after hand-off 0.0s: on MiniStair10 local (0.00, 0.16, 1.40) floor True vel 0.00 target MiniStair10 stage 4
[story] Act 6: the loop, leg 5 of 7 (up MiniStair10)
[story]   after hand-off 0.3s: on MiniStair10 local (0.01, 0.33, 1.36) floor True vel 0.00 target MiniStair10 stage 4
[storytest] PASS leg 4: the swim put them at the foot of another flight, still walking MiniStair10 at (-31.407309, 11.758458, -595.2813) vs (-31.446348, 11.38256, -595.2454), input True
[storytest] PASS the compass follows the leg objective (-27.20441, 14.54506, -601.75977), clearing_loop_marker (-27.20441, 14.54506, -601.75977)
[story]   after hand-off 0.6s: on MiniStair10 local (0.01, 0.30, 1.22) floor True vel 1.80 target MiniStair10 stage 4
[story]   after hand-off 0.9s: on MiniStair10 local (0.01, 0.16, 0.64) floor True vel 2.70 target MiniStair10 stage 4
[storytest] PASS leg 5 (up MiniStair10): the end is reached on foot (-27.74567, 14.505386, -600.92505) vs (-27.20441, 14.54506, -601.75977)
[story]   after hand-off 0.0s: on MiniStair13 local (0.00, 2.50, -4.36) floor True vel 0.00 target MiniStair13 stage 5
[story] Act 6: the loop, leg 6 of 7 (down MiniStair13)
[story]   after hand-off 0.3s: on MiniStair13 local (0.00, 2.39, -4.36) floor True vel 0.00 target MiniStair13 stage 5
[storytest] PASS leg 5: the swim put them at the top of another flight, still walking MiniStair13 at (-36.33197, 15.264824, -599.7985) vs (-36.33197, 15.264238, -599.7985), input True
[storytest] PASS the compass follows the leg objective (-33.80632, 12.101738, -607.1506), clearing_loop_marker (-33.80632, 12.101738, -607.1506)
[story]   after hand-off 0.6s: on MiniStair13 local (-0.00, 2.39, -4.21) floor True vel 1.80 target MiniStair13 stage 5
[story]   after hand-off 0.9s: on MiniStair13 local (-0.00, 2.37, -3.64) floor True vel 2.70 target MiniStair13 stage 5
[story] Act 6: the foot of MiniStair13 reached at local (-0.12, 0.52, -0.58)
[storytest] PASS leg 6 (down MiniStair13): the end is reached on foot (-34.519444, 12.730306, -604.5698) vs (-33.80632, 12.101738, -607.1506)
[story]   after hand-off 0.0s: on MiniStair1 local (0.00, 0.16, 1.40) floor True vel 0.00 target MiniStair1 stage 6
[story] Act 6: the loop, leg 7 of 7 (up MiniStair1)
[story]   after hand-off 0.3s: on MiniStair1 local (0.00, 0.04, 1.40) floor True vel 0.00 target MiniStair1 stage 6
[storytest] PASS leg 6: the swim put them at the foot of another flight, still walking MiniStair1 at (-12.209394, 9.559118, -578.43134) vs (-12.209394, 9.577209, -578.43134), input True
[storytest] PASS the compass follows the leg objective (-14.586502, 12.73971, -571.0299), clearing_loop_marker (-14.586502, 12.73971, -571.0299)
[story]   after hand-off 0.6s: on MiniStair1 local (0.00, 0.03, 1.26) floor True vel 1.80 target MiniStair1 stage 6
[story]   after hand-off 0.9s: on MiniStair1 local (0.00, 0.02, 0.68) floor True vel 2.70 target MiniStair1 stage 6
[story] Act 6: the fall
[storytest] PASS leg 7 (up MiniStair1): the end is reached on foot (-14.28177, 12.698723, -571.9793) vs (-14.586502, 12.73971, -571.0299)
[story] flag set: act6_night_fell
[story] flag set: clearing_loop_done
[story] Act 6: woke on the trail; night, fog
[storytest] PASS the last landing ends in the fall 
[storytest] PASS the fall is the saved beat 
[storytest] PASS the voice kept calling during the loop 49 calls
[storytest] PASS thunder rolled during the loop 22 rolls
[storytest] PASS blood rained harder with every leg 
[storytest] PASS the blood stops with the fall 
[storytest] PASS the ring still stands after the fall 
[storytest] PASS it is still the same night when they wake Night
[storytest] PASS woke on the trail past the clearing, outside the ring trail 697 m vs clearing 655 m, 42 m from the centre
[storytest] PASS woke in thick fog height fog -0.160
[storytest] PASS control comes back on waking 
[storytest] PASS nothing is said on waking caption alpha 0.00
[storytest] PASS the compass points on to the lookout objective (61, 17.757242, -465), fire_lookout_marker (61, 17.757242, -465)
[storytest] Act 6: the bridge and the clearing took 174.1s
Project DS story test  2026-09-22T15:08:02
51/53 passed in 177 s  (walked 172 m, jumped 129 m)
fps while walking: avg 239, min 58

== Act 6: the bridge and the clearing
PASS  checkpoint 5 on crossing the footbridge  
PASS  the compass points at the clearing  objective (2, 0, -590), stairs_clearing_marker (2, 0, -590)
PASS  fifteen small stairs in the clearing  15
PASS  the clearing's voice  
PASS  the spotlight finds the player  
PASS  the voice is the saved beat  
PASS  the cap stays in hand (it belongs to the last staircase)  
PASS  the clearing's staircase stays broken  
PASS  after the voice the clearing waits for a choice: nothing lit  armed True, target 
PASS  the compass rests on the clearing until a flight is chosen  objective (-10, 10.545584, -588), clearing_loop_marker (-10, 10.545584, -588)
PASS  only the whole staircases carry the loop  10 loop stairs, ruined 0
PASS  the whole staircases are all much the same size  steps 17-19, scale 1.35, width 1.50
PASS  no two clearing staircases overlap  16 flights
PASS  one whole staircase stands in the trail's mouth  MiniStair0, 0.0 m off the trail
PASS  the clearing is thick with fog  height fog -0.070
PASS  the clearing is closed  
PASS  the clearing is closed but for the way in  entrance open True, onward blocked True, side blocked True
PASS  stepping onto a staircase starts the loop  target MiniStair0, chosen MiniStair0
PASS  the light and the compass follow the chosen flight  objective (-1.3363104, 12.188818, -576.13574), clearing_loop_marker (-1.3363104, 12.188818, -576.13574)
PASS  blood begins to rain as the loop starts  
PASS  up and down legs are planned  7 legs, 4 climbs
PASS  leg 1 (up MiniStair0): the end is reached on foot  (-32.030746, 12.627362, -585.3545) vs (-1.3363104, 12.188818, -576.13574)
PASS  leg 1: the swim put them at the top of another flight, still walking  MiniStair7 at (-32.030746, 12.627362, -585.3545) vs (-33.156395, 12.715765, -585.7222), input True
PASS  the compass follows the leg  objective (-27.871868, 9.893265, -580.8118), clearing_loop_marker (-27.871868, 9.893265, -580.8118)
PASS  leg 2 (down MiniStair7): the end is reached on foot  (-32.684505, 12.079478, -603.92664) vs (-27.871868, 9.893265, -580.8118)
FAIL  leg 2: the swim put them at the foot of another flight, still walking  MiniStair13 at (-32.684505, 12.079478, -603.92664) vs (-33.80632, 12.101738, -607.1506), input True
PASS  the compass follows the leg  objective (-36.33197, 15.264238, -599.7985), clearing_loop_marker (-36.33197, 15.264238, -599.7985)
FAIL  leg 3 (up MiniStair13): the end is reached on foot  (-33.2576, 11.802337, -601.0871) vs (-36.33197, 15.264238, -599.7985)
PASS  leg 3: the swim put them at the top of another flight, still walking  MiniStair4 at (-21.77302, 12.756102, -576.4154) vs (-21.77302, 12.755516, -576.4154), input True
PASS  the compass follows the leg  objective (-19.165047, 9.593016, -583.73865), clearing_loop_marker (-19.165047, 9.593016, -583.73865)
PASS  leg 4 (down MiniStair4): the end is reached on foot  (-20.05224, 10.205515, -581.2474) vs (-19.165047, 9.593016, -583.73865)
PASS  leg 4: the swim put them at the foot of another flight, still walking  MiniStair10 at (-31.407309, 11.758458, -595.2813) vs (-31.446348, 11.38256, -595.2454), input True
PASS  the compass follows the leg  objective (-27.20441, 14.54506, -601.75977), clearing_loop_marker (-27.20441, 14.54506, -601.75977)
PASS  leg 5 (up MiniStair10): the end is reached on foot  (-27.74567, 14.505386, -600.92505) vs (-27.20441, 14.54506, -601.75977)
PASS  leg 5: the swim put them at the top of another flight, still walking  MiniStair13 at (-36.33197, 15.264824, -599.7985) vs (-36.33197, 15.264238, -599.7985), input True
PASS  the compass follows the leg  objective (-33.80632, 12.101738, -607.1506), clearing_loop_marker (-33.80632, 12.101738, -607.1506)
PASS  leg 6 (down MiniStair13): the end is reached on foot  (-34.519444, 12.730306, -604.5698) vs (-33.80632, 12.101738, -607.1506)
PASS  leg 6: the swim put them at the foot of another flight, still walking  MiniStair1 at (-12.209394, 9.559118, -578.43134) vs (-12.209394, 9.577209, -578.43134), input True
PASS  the compass follows the leg  objective (-14.586502, 12.73971, -571.0299), clearing_loop_marker (-14.586502, 12.73971, -571.0299)
PASS  leg 7 (up MiniStair1): the end is reached on foot  (-14.28177, 12.698723, -571.9793) vs (-14.586502, 12.73971, -571.0299)
PASS  the last landing ends in the fall  
PASS  the fall is the saved beat  
PASS  the voice kept calling during the loop  49 calls
PASS  thunder rolled during the loop  22 rolls
PASS  blood rained harder with every leg  
PASS  the blood stops with the fall  
PASS  the ring still stands after the fall  
PASS  it is still the same night when they wake  Night
PASS  woke on the trail past the clearing, outside the ring  trail 697 m vs clearing 655 m, 42 m from the centre
PASS  woke in thick fog  height fog -0.160
PASS  control comes back on waking  
PASS  nothing is said on waking  caption alpha 0.00
PASS  the compass points on to the lookout  objective (61, 17.757242, -465), fire_lookout_marker (61, 17.757242, -465)

ERROR: System.NullReferenceException: Object reference not set to an instance of an object.
   at ProjectDS.Systems.StoryTest._Process(Double delta) in C:\Users\Dan\GLHFDD\Godot Projects\project-ds\scripts\systems\StoryTest.cs:line 190
   at Godot.Node.InvokeGodotClassMethod(godot_string_name& method, NativeVariantPtrArgs args, godot_variant& ret) in /root/godot/modules/mono/glue/GodotSharp/GodotSharp/Generated/GodotObjects/Node.cs:line 2654
   at ProjectDS.Systems.StoryTest.InvokeGodotClassMethod(godot_string_name& method, NativeVariantPtrArgs args, godot_variant& ret) in C:\Users\Dan\GLHFDD\Godot Projects\project-ds\Godot.SourceGenerators\Godot.SourceGenerators.ScriptMethodsGenerator\ProjectDS.Systems.StoryTest_ScriptMethods.generated.cs:line 186
   at Godot.Bridge.CSharpInstanceBridge.Call(IntPtr godotObjectGCHandle, godot_string_name* method, godot_variant** args, Int32 argCount, godot_variant_call_error* refCallError, godot_variant* ret) in /root/godot/modules/mono/glue/GodotSharp/GodotSharp/Core/Bridge/CSharpInstanceBridge.cs:line 24
   at: void Godot.NativeInterop.ExceptionUtils.LogException(System.Exception) (/root/godot/modules/mono/glue/GodotSharp/GodotSharp/Core/NativeInterop/ExceptionUtils.cs:113)
   C# backtrace (most recent call first):
       [0] void Godot.GD.PushError(string) (/root/godot/modules/mono/glue/GodotSharp/GodotSharp/Core/GD.cs:366)
       [1] void Godot.NativeInterop.ExceptionUtils.LogException(System.Exception) (/root/godot/modules/mono/glue/GodotSharp/GodotSharp/Core/NativeInterop/ExceptionUtils.cs:113)
       [2] Godot.NativeInterop.godot_bool Godot.Bridge.CSharpInstanceBridge.Call(nint, Godot.NativeInterop.godot_string_name*, Godot.NativeInterop.godot_variant**, int, Godot.NativeInterop.godot_variant_call_error*, Godot.NativeInterop.godot_variant*) (/root/godot/modules/mono/glue/GodotSharp/GodotSharp/Core/Bridge/CSharpInstanceBridge.cs:24)
