Godot Engine v4.7.2.stable.mono.official.ed1daf0bf - https://godotengine.org
D3D12 12_0 - Forward+ - Using Device #0: AMD - AMD Radeon RX 6950 XT

[waterfall] at stream s 109.4 (29.0 m above the crossing), drop 2.28 m, curtain (-21.60702, 8.20504, -162.55476)
[storytest] --story-from=6: continuing into 'Act 6: the bridge and the clearing' at Act5CabinEntered with 9 flags, gear 'lantern,compass,newel_post;tool=None'
[bunker] CRT room: 127 screens
[bunker] interior built in 97 ms
[story] Act 6 layout (name, xz, yaw deg, footprint w x l):
  MiniStair0  (   9.7,  25.1) yaw    6 whole   4.2 x 19.0 m (trail)
  MiniStair1  ( -15.7,   5.0) yaw  193 whole   4.2 x 19.0 m
  MiniStair2  ( -12.5,  -9.5) yaw  177 ruined  4.6 x  4.4 m
  MiniStair3  (  17.9,   2.3) yaw  234 whole   4.2 x 19.0 m
  MiniStair4  ( -13.2, -13.7) yaw    9 whole   4.2 x 19.0 m
  MiniStair5  (  -7.1,  15.7) yaw  306 ruined  3.9 x  5.2 m
  MiniStair6  (  10.5, -21.9) yaw   91 whole   4.2 x 19.0 m
  MiniStair7  ( -23.4,  -3.1) yaw  180 whole   4.2 x 19.0 m
  MiniStair8  (  17.4,  -7.5) yaw  194 ruined  3.8 x  3.4 m
  MiniStair9  (  15.0,   8.3) yaw  224 whole   4.2 x 19.0 m
  MiniStair10 ( -25.4,  -9.0) yaw    6 whole   4.2 x 19.0 m
  MiniStair11 ( -16.2,  -0.4) yaw  122 ruined  3.7 x  3.2 m
  MiniStair12 (   1.5,  26.1) yaw  141 whole   4.2 x 19.0 m
  MiniStair13 (  24.3,  -2.6) yaw  231 whole   4.2 x 19.0 m
  MiniStair14 ( -24.0,  20.4) yaw  250 ruined  4.6 x  4.9 m
[storytest] ---- Act 6: the bridge and the clearing
[story] checkpoint reached: Act6BridgeCrossed
[story] Act 6: the clearing is closed but for the trail
[story] Act 6: the woods around the clearing turn
[story] Act 6: the bridge is crossed
[storytest] PASS checkpoint 5 on crossing the footbridge 
[storytest] PASS the compass points at the clearing objective (2, 0, -590), stairs_clearing_marker (2, 0, -590)
[storytest] PASS fifteen small stairs in the clearing 15
[story] Act 6: the voice starts calling out of the trees
[story] flag set: clearing_voice_heard
[story] Act 6: the clearing has spoken
[story] Act 6: the clearing waits for a staircase to be chosen (4 flights)
[storytest] PASS the clearing's voice 
[storytest] PASS the spotlight finds the player 
[storytest] PASS the voice is the saved beat 
[storytest] PASS the cap stays in hand (it belongs to the last staircase) 
[storytest] PASS the clearing's staircase stays broken 
[storytest] PASS after the voice the clearing waits for a choice: nothing lit armed True, target 
[storytest] PASS the voice started calling as they entered the clearing calling True, 22 calls so far
[storytest] PASS the compass rests on the clearing until a flight is chosen objective (-10, 10.545584, -588), clearing_loop_marker (-10, 10.545584, -588)
[storytest] PASS only the whole staircases carry the loop 10 loop stairs, ruined 0
[storytest] PASS the whole staircases are all much the same size steps 48-48, scale 1.35, width 1.50
[storytest] PASS no two clearing staircases overlap 16 flights
[storytest] PASS all whole flights are the same length 48-48 steps
[storytest] PASS no staircase sinks into the ground 
[storytest] PASS one whole staircase stands in the trail's mouth MiniStair0, 0.0 m off the trail
[storytest] PASS the clearing is thick with fog height fog -0.070
[storytest] PASS no trees inside the clearing 0 trunks within 50 m
[storytest] PASS the clearing is closed 
[storytest] PASS the clearing is closed but for the way in entrance open True, onward blocked True, side blocked True
[story] it is raining blood
[story] Act 6: the loop starts on MiniStair9
[storytest] PASS stepping onto a staircase starts the loop target MiniStair9, chosen MiniStair9
[storytest] PASS the light and the compass follow the chosen flight objective (14.8015585, 17.8392, -569.6735), clearing_loop_marker (14.8015585, 17.8392, -569.6735)
[storytest] PASS blood begins to rain as the loop starts 
[storytest] PASS four to six flights are planned, all up 4 flights
[storytest] PASS cannot back down on flight 1 wall armed True, backed 0.01 m
[story] Act 6: the top of MiniStair9 reached (flight 1 of 4)
[storytest] PASS flight 1 (MiniStair9): the top is reached on foot (14.10122, 17.796724, -570.3866) vs (14.8015585, 17.8392, -569.6735)
[story]   after hand-off 0.0s: on MiniStair12 local (0.00, 2.93, -4.62) floor True vel 0.00 move (0, 0) yaw 141 target MiniStair12 stage 1 t 146207
[story] Act 6: the loop, flight 2 of 4 (MiniStair12, 0.46 up it)
[story]   after hand-off 0.3s: on MiniStair12 local (-0.00, 2.96, -4.60) floor True vel 0.00 move (0, 0) yaw 141 target MiniStair12 stage 1 t 146512
[storytest] PASS flight 1: the fog put them on another flight (0.46 up it), still walking, no cut MiniStair12 at (-12.45218, 13.72586, -557.13684) vs (-12.464684, 13.516439, -557.12164), input True, black 0.00
[storytest] PASS the compass follows the flight objective (-17.40111, 17.892414, -551.1197), clearing_loop_marker (-17.40111, 17.892414, -551.1197)
[story]   after hand-off 0.6s: on MiniStair12 local (-0.00, 3.10, -4.83) floor True vel 2.70 move (0, 1) yaw 141 target MiniStair12 stage 1 t 146801
[story]   after hand-off 0.9s: on MiniStair12 local (-0.00, 3.37, -5.27) floor True vel 2.70 move (0, 1) yaw 141 target MiniStair12 stage 1 t 147105
[storytest] PASS cannot back down on flight 2 wall armed True, backed 0.01 m
[story] Act 6: the top of MiniStair12 reached (flight 2 of 4)
[storytest] PASS flight 2 (MiniStair12): the top is reached on foot (-16.751, 17.83526, -551.91016) vs (-17.40111, 17.892414, -551.1197)
[story]   after hand-off 0.0s: on MiniStair7 local (-0.00, 3.74, -5.95) floor True vel 0.00 move (0, 0) yaw -180 target MiniStair7 stage 2 t 157064
[story] Act 6: the loop, flight 3 of 4 (MiniStair7, 0.60 up it)
[story]   after hand-off 0.3s: on MiniStair7 local (-0.00, 3.77, -5.94) floor True vel 0.00 move (0, 0) yaw -180 target MiniStair7 stage 2 t 157368
[storytest] PASS flight 2: the fog put them on another flight (0.60 up it), still walking, no cut MiniStair7 at (-33.39462, 14.764376, -583.05225) vs (-33.394585, 14.554935, -583.03253), input True, black 0.00
[storytest] PASS the compass follows the flight objective (-33.38393, 17.837566, -577.06213), clearing_loop_marker (-33.38393, 17.837566, -577.06213)
[story]   after hand-off 0.6s: on MiniStair7 local (-0.00, 3.91, -6.17) floor True vel 2.70 move (0, 1) yaw -180 target MiniStair7 stage 2 t 157672
[story]   after hand-off 0.9s: on MiniStair7 local (-0.00, 4.18, -6.61) floor True vel 2.70 move (0, 1) yaw -180 target MiniStair7 stage 2 t 157976
[story] Act 6: the top of MiniStair7 reached (flight 3 of 4)
[storytest] PASS flight 3 (MiniStair7): the top is reached on foot (-33.385635, 17.79061, -578.06885) vs (-33.38393, 17.837566, -577.06213)
[story]   after hand-off 0.0s: on MiniStair9 local (0.00, 0.16, 1.40) floor True vel 0.00 move (0, 0) yaw -136 target MiniStair9 stage 3 t 160847
[story] Act 6: the loop, flight 4 of 4 (MiniStair9, 0.00 up it)
[story]   after hand-off 0.3s: on MiniStair9 local (0.00, -0.13, 1.40) floor True vel 0.00 move (0, 0) yaw -136 target MiniStair9 stage 3 t 161151
[storytest] PASS flight 3: the fog put them on another flight (0.00 up it), still walking, no cut MiniStair9 at (3.6721683, 9.498555, -581.02026) vs (3.6721683, 9.7467, -581.02026), input True, black 0.00
[storytest] PASS the compass follows the flight objective (14.8015585, 17.8392, -569.6735), clearing_loop_marker (14.8015585, 17.8392, -569.6735)
[story]   after hand-off 0.6s: on MiniStair9 local (0.00, -0.13, 1.08) floor True vel 2.70 move (0, 1) yaw -136 target MiniStair9 stage 3 t 161455
[story]   after hand-off 0.9s: on MiniStair9 local (0.00, 0.01, 0.26) floor True vel 5.40 move (0, 1) yaw -136 target MiniStair9 stage 3 t 161759
[story] Act 6: the top of MiniStair9 reached (flight 4 of 4)
[story] Act 6: the fall
[storytest] PASS flight 4 (MiniStair9): the top is reached on foot (14.103567, 17.798613, -570.3845) vs (14.8015585, 17.8392, -569.6735)
[story] flag set: act6_night_fell
[story] flag set: clearing_loop_done
[story] Act 6: woke on the trail; night, fog
[storytest] PASS the last landing ends in the fall 
[storytest] PASS the fall is the saved beat 
[storytest] PASS the voice kept calling during the loop 46 calls
[storytest] PASS blood rained harder with every flight 
[storytest] PASS at least one hand-off landed part way along a flight landed at 0.46, 0.60, 0.00
[storytest] PASS the loop flights are long 48-48 steps
[storytest] PASS the blood stops with the fall 
[storytest] PASS the ring still stands after the fall 
[storytest] PASS it is still the same night when they wake Night
[storytest] PASS woke on the trail past the clearing, outside the ring trail 723 m vs clearing 655 m, 58 m from the centre
[storytest] PASS woke in thick fog height fog -0.160
[storytest] PASS control comes back on waking 
[storytest] PASS nothing is said on waking caption alpha 0.00
[storytest] PASS the compass points on to the lookout objective (61, 17.757242, -465), fire_lookout_marker (61, 17.757242, -465)
[storytest] Act 6: the bridge and the clearing took 164.1s
Project DS story test  2026-09-22T15:46:00
51/51 passed in 167 s  (walked 138 m, jumped 136 m)
fps while walking: avg 238, min 58

== Act 6: the bridge and the clearing
PASS  checkpoint 5 on crossing the footbridge  
PASS  the compass points at the clearing  objective (2, 0, -590), stairs_clearing_marker (2, 0, -590)
PASS  fifteen small stairs in the clearing  15
PASS  the clearing's voice  
PASS  the spotlight finds the player  
PASS  the voice is the saved beat  
PASS  the cap stays in hand (it belongs to the last staircase)  
PASS  the clearing's staircase stays broken  
PASS  after the voice the clearing waits for a choice: nothing lit  armed True, target 
PASS  the voice started calling as they entered the clearing  calling True, 22 calls so far
PASS  the compass rests on the clearing until a flight is chosen  objective (-10, 10.545584, -588), clearing_loop_marker (-10, 10.545584, -588)
PASS  only the whole staircases carry the loop  10 loop stairs, ruined 0
PASS  the whole staircases are all much the same size  steps 48-48, scale 1.35, width 1.50
PASS  no two clearing staircases overlap  16 flights
PASS  all whole flights are the same length  48-48 steps
PASS  no staircase sinks into the ground  
PASS  one whole staircase stands in the trail's mouth  MiniStair0, 0.0 m off the trail
PASS  the clearing is thick with fog  height fog -0.070
PASS  no trees inside the clearing  0 trunks within 50 m
PASS  the clearing is closed  
PASS  the clearing is closed but for the way in  entrance open True, onward blocked True, side blocked True
PASS  stepping onto a staircase starts the loop  target MiniStair9, chosen MiniStair9
PASS  the light and the compass follow the chosen flight  objective (14.8015585, 17.8392, -569.6735), clearing_loop_marker (14.8015585, 17.8392, -569.6735)
PASS  blood begins to rain as the loop starts  
PASS  four to six flights are planned, all up  4 flights
PASS  cannot back down on flight 1  wall armed True, backed 0.01 m
PASS  flight 1 (MiniStair9): the top is reached on foot  (14.10122, 17.796724, -570.3866) vs (14.8015585, 17.8392, -569.6735)
PASS  flight 1: the fog put them on another flight (0.46 up it), still walking, no cut  MiniStair12 at (-12.45218, 13.72586, -557.13684) vs (-12.464684, 13.516439, -557.12164), input True, black 0.00
PASS  the compass follows the flight  objective (-17.40111, 17.892414, -551.1197), clearing_loop_marker (-17.40111, 17.892414, -551.1197)
PASS  cannot back down on flight 2  wall armed True, backed 0.01 m
PASS  flight 2 (MiniStair12): the top is reached on foot  (-16.751, 17.83526, -551.91016) vs (-17.40111, 17.892414, -551.1197)
PASS  flight 2: the fog put them on another flight (0.60 up it), still walking, no cut  MiniStair7 at (-33.39462, 14.764376, -583.05225) vs (-33.394585, 14.554935, -583.03253), input True, black 0.00
PASS  the compass follows the flight  objective (-33.38393, 17.837566, -577.06213), clearing_loop_marker (-33.38393, 17.837566, -577.06213)
PASS  flight 3 (MiniStair7): the top is reached on foot  (-33.385635, 17.79061, -578.06885) vs (-33.38393, 17.837566, -577.06213)
PASS  flight 3: the fog put them on another flight (0.00 up it), still walking, no cut  MiniStair9 at (3.6721683, 9.498555, -581.02026) vs (3.6721683, 9.7467, -581.02026), input True, black 0.00
PASS  the compass follows the flight  objective (14.8015585, 17.8392, -569.6735), clearing_loop_marker (14.8015585, 17.8392, -569.6735)
PASS  flight 4 (MiniStair9): the top is reached on foot  (14.103567, 17.798613, -570.3845) vs (14.8015585, 17.8392, -569.6735)
PASS  the last landing ends in the fall  
PASS  the fall is the saved beat  
PASS  the voice kept calling during the loop  46 calls
PASS  blood rained harder with every flight  
PASS  at least one hand-off landed part way along a flight  landed at 0.46, 0.60, 0.00
PASS  the loop flights are long  48-48 steps
PASS  the blood stops with the fall  
PASS  the ring still stands after the fall  
PASS  it is still the same night when they wake  Night
PASS  woke on the trail past the clearing, outside the ring  trail 723 m vs clearing 655 m, 58 m from the centre
PASS  woke in thick fog  height fog -0.160
PASS  control comes back on waking  
PASS  nothing is said on waking  caption alpha 0.00
PASS  the compass points on to the lookout  objective (61, 17.757242, -465), fire_lookout_marker (61, 17.757242, -465)

ERROR: System.NullReferenceException: Object reference not set to an instance of an object.
   at ProjectDS.Systems.StoryTest._Process(Double delta) in C:\Users\Dan\GLHFDD\Godot Projects\project-ds\scripts\systems\StoryTest.cs:line 190
   at Godot.Node.InvokeGodotClassMethod(godot_string_name& method, NativeVariantPtrArgs args, godot_variant& ret) in /root/godot/modules/mono/glue/GodotSharp/GodotSharp/Generated/GodotObjects/Node.cs:line 2654
   at ProjectDS.Systems.StoryTest.InvokeGodotClassMethod(godot_string_name& method, NativeVariantPtrArgs args, godot_variant& ret) in C:\Users\Dan\GLHFDD\Godot Projects\project-ds\Godot.SourceGenerators\Godot.SourceGenerators.ScriptMethodsGenerator\ProjectDS.Systems.StoryTest_ScriptMethods.generated.cs:line 186
   at Godot.Bridge.CSharpInstanceBridge.Call(IntPtr godotObjectGCHandle, godot_string_name* method, godot_variant** args, Int32 argCount, godot_variant_call_error* refCallError, godot_variant* ret) in /root/godot/modules/mono/glue/GodotSharp/GodotSharp/Core/Bridge/CSharpInstanceBridge.cs:line 24
   at: void Godot.NativeInterop.ExceptionUtils.LogException(System.Exception) (/root/godot/modules/mono/glue/GodotSharp/GodotSharp/Core/NativeInterop/ExceptionUtils.cs:113)
   C# backtrace (most recent call first):
       [0] void Godot.GD.PushError(string) (/root/godot/modules/mono/glue/GodotSharp/GodotSharp/Core/GD.cs:366)
       [1] void Godot.NativeInterop.ExceptionUtils.LogException(System.Exception) (/root/godot/modules/mono/glue/GodotSharp/GodotSharp/Core/NativeInterop/ExceptionUtils.cs:113)
       [2] Godot.NativeInterop.godot_bool Godot.Bridge.CSharpInstanceBridge.Call(nint, Godot.NativeInterop.godot_string_name*, Godot.NativeInterop.godot_variant**, int, Godot.NativeInterop.godot_variant_call_error*, Godot.NativeInterop.godot_variant*) (/root/godot/modules/mono/glue/GodotSharp/GodotSharp/Core/Bridge/CSharpInstanceBridge.cs:24)
