Godot Engine v4.7.2.stable.mono.official.ed1daf0bf - https://godotengine.org
D3D12 12_0 - Forward+ - Using Device #0: AMD - AMD Radeon RX 6950 XT

[waterfall] at stream s 109.4 (29.0 m above the crossing), drop 2.28 m, curtain (-21.60702, 8.20504, -162.55476)
[storytest] ---- Act 1: arrival
[storytest] PASS the player spawned on the ground (-5, -0.4201949, 22.750002)
[storytest] PASS first-person eye height 1.62 m
[story] flag set: pickup_taken_camera
[story] opening: camera in hand at the car
[story] checkpoint reached: Act1Start
[storytest] PASS checkpoint 1 reached 
[storytest] PASS checkpoint 1 saved Act1Start
[storytest] PASS the forest is alive at the lot silence 0.00
[storytest] PASS no compass in Act 1 
[storytest] PASS the player can walk 3.6 m
[storytest] Act 1: arrival took 1.8s
[storytest] ---- Act 1: the trail register
[storytest] PASS no note from a friend at the trailhead 
[storytest] PASS the trail register carries R.H.'s last entry 
[storytest] PASS the note opens ('DATE   PARTY   NAME   DESTIN...') 
[storytest] PASS the note closes and control returns 
[storytest] Act 1: the trail register took 0.9s
[storytest] ---- Act 1: the camera and the album
[storytest] PASS the camera came out of the car 
[storytest] PASS no camera left lying around 
[storytest] PASS the opening ran at the car 
[storytest] PASS Tab opens the album 
[storytest] PASS Tab closes it again 
[storytest] Act 1: the camera and the album took 0.2s
[storytest] ---- Act 1: a photograph
[storytest] PASS a bird to photograph 
[storytest] PASS the viewfinder locks focus on the bird 
[story] flag set: photo_bird_red
[photo] #1 taken (bird_red)
[storytest] PASS the photo is logged 0 -> 1
[storytest] Act 1: a photograph took 2.4s
[storytest] ---- Act 1: to the stairs
[storytest] PASS the first staircase is in the trailhead level 
[story] flag set: line_old_stones
[storytest] PASS walked from the fallen fir to the stairs (30.610563, 8.739041, -524.8611)
[storytest] PASS the forest falls silent by the stairs silence 0.96
[storytest] Act 1: to the stairs took 38.2s
[storytest] ---- Act 2: the climb
[storytest] PASS the stairs trigger covers the whole flight, not just the first step box (1.25, 7.52, 10.59) vs flight 6.1 m tall, 10.1 m long
[story] Act 1: on the stairs; there is no going back down
[storytest] PASS stepping on the stairs is noticed 
[storytest] PASS the body stays the player's: they climb it themselves 
[storytest] PASS the player can walk up the flight to the top (30.001764, 14.537701, -543.6354) vs (30, 14.828454, -544.825)
[storytest] PASS the flight has turned one-way progress 9.2 m
[storytest] PASS no going back down the stairs y 14.5 -> 14.8
[storytest] PASS the broken post can be inspected 
[storytest] use InspectPost: focused 'Stairs' prompt 'Inspect the post'
[storytest] PASS inspecting the post starts the collapse 
[story] Act 2: blacked out at the top of the stairs
[story] checkpoint reached: Act2StairsClimbed
[storytest] PASS checkpoint 2 reached at the top 
[storytest] PASS the camera is gone after the first step 
[bunker] CRT room: 152 screens
[bunker] interior built in 99 ms
[storytest] ---- Act 2: waking in the hollow
[story] Act 2: woke in the hollow
[storytest] PASS control comes back after the wake-up 
[storytest] PASS checkpoint 2 on arrival Act2StairsClimbed
[storytest] PASS woke at the Hollow's wake spot (0, -0.6975265, 40) vs (0, -0.67970145, 40)
[storytest] PASS still no camera 
[storytest] PASS no compass yet 
[storytest] FAIL the save says checkpoint 2 
[storytest] PASS the rain is already falling when they wake 
[storytest] Act 2: waking in the hollow took 0.5s
[storytest] ---- Act 3: the camp
[storytest] PASS the lantern and compass wait at the camp 
[story] Act 4: the giant crosses the horizon
[story] checkpoint reached: Act3DoorBoarded
[story] Act 3: R.H.'s camp
[storytest] PASS checkpoint 3 at the camp Act3DoorBoarded
[story] flag set: read_camp_note
[story] flag set: giant_event_done
[storytest] PASS the note opens ('If you're reading this, it g...') 
[storytest] PASS the note closes and control returns 
[storytest] use LanternPickup: focused 'LanternPickup' prompt 'Take the lantern'
[story] flag set: pickup_taken_lantern
[storytest] use CompassPickup: focused 'CompassPickup' prompt 'Take the compass'
[story] flag set: line_his_things
[story] flag set: pickup_taken_compass
[storytest] PASS lantern and compass in hand 
[storytest] PASS the compass shows 
[storytest] PASS the compass points at the cabin objective (24, 7.390401, -392), cabin (24, 7.390401, -392)
[story] flag set: storm_started
[storytest] PASS the rain keeps falling past the camp 
[storytest] PASS the storm silences the forest silence 1.00
[storytest] Act 3: the camp took 26.3s
[storytest] ---- Act 4: the giant, and the key
[storytest] PASS the key lies on the way 
[storytest] use KeyPickup: focused 'KeyPickup' prompt 'Take the key'
[story] flag set: pickup_taken_key
[storytest] PASS key picked up 
[storytest] PASS the giant crossed before the cabin 
[storytest] PASS the compass still points at the cabin objective (24, 7.390401, -392), cabin (24, 7.390401, -392)
[storytest] Act 4: the giant, and the key took 21.9s
[storytest] ---- Act 5: the cabin
[story] flag set: line_boarded_shut
[storytest] PASS the door is boarded 
[storytest] PASS the axe is somewhere near the cabin (-11.8, 12.402877, -402.2)
[storytest] use AxePickup: focused 'AxePickup' prompt 'Take the axe'
[story] flag set: pickup_taken_axe
[storytest] PASS axe picked up 
[story] flag set: cabin_door_open
[storytest] PASS the axe breaks the boards 
[storytest] PASS the axe is used up 
[story] checkpoint reached: Act5CabinEntered
[story] flag set: cabin_wall_knocked
[storytest] PASS checkpoint 4 inside the cabin 
[storytest] PASS the friend is not there 
[storytest] PASS the newel post is on the table 
[storytest] use NewelPostPickup: focused 'NewelPostPickup' prompt 'Take the newel post'
[story] flag set: newel_post_taken
[storytest] PASS newel post in hand 
[storytest] PASS the compass points at the footbridge objective (7.9378033, 6.6031194, -486.8941), bridge_marker (7.9378033, 6.6031194, -486.8941)
[story] flag set: dawn_broke
[story] Act 5: knocking on the wall outside
[storytest] PASS dawn breaks on stepping out 
[storytest] PASS the storm is over 
[storytest] Act 5: the cabin took 114.2s
[storytest] ---- Act 6: the bridge and the clearing
[story] checkpoint reached: Act6BridgeCrossed
[story] Act 6: the woods around the clearing turn
[story] Act 6: the bridge is crossed
[storytest] PASS checkpoint 5 on crossing the footbridge 
[storytest] PASS the compass points at the clearing objective (2, 0, -590), stairs_clearing_marker (2, 0, -590)
[storytest] PASS fifteen small stairs in the clearing 15
[story] flag set: clearing_voice_heard
[storytest] PASS the clearing's voice 
[storytest] PASS the spotlight finds the player 
[storytest] PASS the voice is the saved beat 
[storytest] PASS the cap stays in hand (it belongs to the last staircase) 
[storytest] PASS the clearing's staircase stays broken 
[story] Act 6: the clearing has spoken
[story] Act 6: the loop is lit (3 climbs)
[storytest] PASS a staircase is lit after the voice 
[storytest] PASS the compass points at the lit staircase objective (-33.781784, 11.629304, -589.4224), clearing_loop_marker (-33.781784, 11.629304, -589.4224)
[storytest] PASS three or four climbs are asked for 3
[story] flag set: act6_night_fell
[storytest] FAIL climb 1: the top is reached (-33.077934, 11.689384, -581.21204) vs (-32.686867, 14.103867, -582.5337)
[storytest] FAIL climb 1: the top was the foot of another staircase MiniStair7 at (-33.077934, 11.689384, -581.21204)
[storytest] FAIL the compass follows the light objective (61, 17.757242, -465), clearing_loop_marker (-33.781784, 11.629304, -589.4224)
[storytest] FAIL climb 2: the top is reached (-33.04154, 11.671633, -581.21783) vs (-32.686867, 14.103867, -582.5337)
[storytest] FAIL climb 2: the top was the foot of another staircase MiniStair7 at (-33.04154, 11.671633, -581.21783)
[storytest] FAIL the compass follows the light objective (61, 17.757242, -465), clearing_loop_marker (-33.781784, 11.629304, -589.4224)
[storytest] FAIL climb 3: the top is reached (-33.011417, 11.656411, -581.2226) vs (-32.686867, 14.103867, -582.5337)
[storytest] FAIL climb 3: the top was the foot of another staircase MiniStair7 at (-33.011417, 11.656411, -581.2226)
[storytest] FAIL the compass follows the light objective (61, 17.757242, -465), clearing_loop_marker (-33.781784, 11.629304, -589.4224)
[storytest] FAIL the last landing ends in the fall 
[storytest] FAIL the fall is the saved beat 
[storytest] PASS night fell while they were out Night
[storytest] FAIL woke on the trail past the clearing trail 643 m vs clearing 655 m
[storytest] PASS control comes back on waking 
[storytest] PASS the compass points on to the lookout objective (61, 17.757242, -465), fire_lookout_marker (61, 17.757242, -465)
[storytest] Act 6: the bridge and the clearing took 725.6s
[storytest] ---- Act 7: the lookout
[story] Act 7: the cabin catches
[story] checkpoint reached: Act7CabinBurning
[story] Act 7: the cabin is burning
[storytest] PASS checkpoint 6 at the lookout 
[storytest] PASS the cabin is burning 1
[storytest] PASS the compass points at the bunker objective (166, 12.402138, -566), bunker_marker (166, 12.402138, -566)
[storytest] Act 7: the lookout took 12.4s
[storytest] ---- Acts 8-10: the bunker
[story] flag set: line_bunker_dial
[storytest] PASS the hatch stays locked until the code is dialled 
[storytest] PASS the station's survey lot stands round the bunker 4
[storytest] PASS the lantern is in hand for the lot 
[storytest] PASS stake 3-1 is unreadable in the plain glow glow 0.00
[storytest] PASS stake 3-1 reads under the gathered beam glow 0.60
[storytest] PASS stake 3-2 is unreadable in the plain glow glow 0.00
[storytest] PASS stake 3-2 reads under the gathered beam glow 0.60
[storytest] PASS stake 3-3 is unreadable in the plain glow glow 0.00
[storytest] PASS stake 3-3 reads under the gathered beam glow 0.60
[storytest] PASS stake 3-4 is unreadable in the plain glow glow 0.00
[storytest] PASS stake 3-4 reads under the gathered beam glow 0.60
[storytest] PASS the four stakes spell the door's code read 4729, code 4729
[storytest] dial: focused '@MeshInstance3D@503' prompt 'Try the dial'
[storytest] PASS E on the dial holds it up 
[storytest] PASS a wrong code keeps the hatch shut 
[story] flag set: bunker_unlocked
[story] the bunker door stands open
[storytest] PASS the stakes' code opens the bunker door 
[storytest] PASS the code is saved (the door stays open on Continue) 
[storytest] PASS the dial is put down and control is back 
[story] checkpoint reached: Act8BunkerEntered
[story] Act 8: into the bunker
[storytest] PASS checkpoint 7 inside the bunker 
[storytest] PASS carried into the interior 
[storytest] PASS indoors (forest audio off) 
[storytest] PASS the forest stalker stays outside Dormant
[story] flag set: bunker_jumpscare_done
[story] Act 8: it is in the hallway
[storytest] PASS walked the hallway 
[storytest] PASS the lights have gone red 
[storytest] PASS the stalker stepped out in the flickering hallway 
[storytest] PASS the vine door opens 
[storytest] PASS the screens go dark 
[story] flag set: crt_puzzle_done
[story] Act 9: the screens show the stairs
[storytest] PASS the screens come back showing the stairs 
[storytest] PASS the compass points at the way out objective (1500, -79, -3001), bunker_entrance_marker (1500, -79, -3001)
[story] flag set: bunker_maze_entered
[storytest] PASS the hallway is gone: a room with three doors 
[storytest] PASS the room has three doors 3
[story] Act 10: the hallway is gone; a room with three doors
[storytest] use Open: focused 'DoorLeaf0' prompt 'Open the door'
[storytest] use Open: focused 'DoorLeaf1' prompt 'Open the door'
[storytest] use Open: focused 'DoorLeaf2' prompt 'Open the door'
[storytest] use Open: focused 'DoorLeaf0' prompt 'Open the door'
[story] flag set: bunker_rooms_scared
[story] Act 10: it is in the room (room 4)
[storytest] PASS the stalker stood in the room and went room 4 of a random 4
[storytest] use Open: focused 'DoorLeaf1' prompt 'Open the door'
[story] flag set: bunker_maze_exited
[story] Act 10: the maze ends
[storytest] PASS the rooms repeat until it shows itself opened 5
[storytest] PASS the door after it leads out opened 5
[storytest] PASS the walkie-talkie is waiting 
[storytest] use WalkiePickup: focused 'WalkiePickup' prompt 'Pick up the walkie-talkie'
[story] checkpoint reached: Act10WalkieFound
[storytest] PASS checkpoint 8 with the radio 
[storytest] PASS the radio is in the saved inventory lantern,compass,newel_post,radio;tools=Key
[storytest] Acts 8-10: the bunker took 83.8s
[storytest] ---- Act 11: the last climb
[story] flag set: act11_dialogue_done
[story] Act 11: the radio speaks
[storytest] PASS the radio exchange plays 
[storytest] PASS the compass points at the last staircase objective (110, 0, -662), final_stairs_marker (110, 0, -662)
[storytest] PASS the last staircase exists, tall True
[storytest] PASS the last staircase is still broken 
[storytest] PASS the cap is still in hand at the last staircase 
[storytest] PASS the top landing exists 
[storytest] PASS walked up the tall flight to the top landing progress 0.99 at (110.00582, 47.413506, -722.7546)
[storytest] PASS the hum rose with the climb progress 0.99
[storytest] PASS still in control at the top 
[storytest] PASS the broken post's E-point waits on the landing 
[storytest] use CapSeat: focused 'Stairs' prompt 'Put the cap back'
[storytest] PASS the cap leaves the player's hands 
[storytest] PASS the cap seats on the last staircase's post 
[story] Act 11: the cap is back on the post
[story] Act 11: the giant touches the player
[story] flag set: newel_seated
[story] checkpoint reached: Act11GiantEncounter
[storytest] PASS checkpoint 9: the giant's touch 
[storytest] PASS the seated cap is saved with it 
[storytest] PASS the ending is running 
[storytest] PASS the screen is black for the credits 
[storytest] PASS control never comes back 
[storytest] Act 11: the last climb took 46.8s
Project DS story test  2026-09-22T14:12:09
133/146 passed in 1101 s  (walked 1629 m, jumped 1331 m)
fps while walking: avg 239, min 31

== Act 1: arrival
PASS  the player spawned on the ground  (-5, -0.4201949, 22.750002)
PASS  first-person eye height  1.62 m
PASS  checkpoint 1 reached  
PASS  checkpoint 1 saved  Act1Start
PASS  the forest is alive at the lot  silence 0.00
PASS  no compass in Act 1  
PASS  the player can walk  3.6 m

== Act 1: the trail register
PASS  no note from a friend at the trailhead  
PASS  the trail register carries R.H.'s last entry  
PASS  the note opens ('DATE   PARTY   NAME   DESTIN...')  
PASS  the note closes and control returns  

== Act 1: the camera and the album
PASS  the camera came out of the car  
PASS  no camera left lying around  
PASS  the opening ran at the car  
PASS  Tab opens the album  
PASS  Tab closes it again  

== Act 1: a photograph
PASS  a bird to photograph  
PASS  the viewfinder locks focus on the bird  
PASS  the photo is logged  0 -> 1

== Act 1: to the stairs
PASS  the first staircase is in the trailhead level  
PASS  walked from the fallen fir to the stairs  (30.610563, 8.739041, -524.8611)
PASS  the forest falls silent by the stairs  silence 0.96

== Act 2: the climb
PASS  the stairs trigger covers the whole flight, not just the first step  box (1.25, 7.52, 10.59) vs flight 6.1 m tall, 10.1 m long
PASS  stepping on the stairs is noticed  
PASS  the body stays the player's: they climb it themselves  
PASS  the player can walk up the flight to the top  (30.001764, 14.537701, -543.6354) vs (30, 14.828454, -544.825)
PASS  the flight has turned one-way  progress 9.2 m
PASS  no going back down the stairs  y 14.5 -> 14.8
PASS  the broken post can be inspected  
PASS  inspecting the post starts the collapse  
PASS  checkpoint 2 reached at the top  
PASS  the camera is gone after the first step  

== Act 2: waking in the hollow
PASS  control comes back after the wake-up  
PASS  checkpoint 2 on arrival  Act2StairsClimbed
PASS  woke at the Hollow's wake spot  (0, -0.6975265, 40) vs (0, -0.67970145, 40)
PASS  still no camera  
PASS  no compass yet  
FAIL  the save says checkpoint 2  
PASS  the rain is already falling when they wake  

== Act 3: the camp
PASS  the lantern and compass wait at the camp  
PASS  checkpoint 3 at the camp  Act3DoorBoarded
PASS  the note opens ('If you're reading this, it g...')  
PASS  the note closes and control returns  
PASS  lantern and compass in hand  
PASS  the compass shows  
PASS  the compass points at the cabin  objective (24, 7.390401, -392), cabin (24, 7.390401, -392)
PASS  the rain keeps falling past the camp  
PASS  the storm silences the forest  silence 1.00

== Act 4: the giant, and the key
PASS  the key lies on the way  
PASS  key picked up  
PASS  the giant crossed before the cabin  
PASS  the compass still points at the cabin  objective (24, 7.390401, -392), cabin (24, 7.390401, -392)

== Act 5: the cabin
PASS  the door is boarded  
PASS  the axe is somewhere near the cabin  (-11.8, 12.402877, -402.2)
PASS  axe picked up  
PASS  the axe breaks the boards  
PASS  the axe is used up  
PASS  checkpoint 4 inside the cabin  
PASS  the friend is not there  
PASS  the newel post is on the table  
PASS  newel post in hand  
PASS  the compass points at the footbridge  objective (7.9378033, 6.6031194, -486.8941), bridge_marker (7.9378033, 6.6031194, -486.8941)
PASS  dawn breaks on stepping out  
PASS  the storm is over  

== Act 6: the bridge and the clearing
PASS  checkpoint 5 on crossing the footbridge  
PASS  the compass points at the clearing  objective (2, 0, -590), stairs_clearing_marker (2, 0, -590)
PASS  fifteen small stairs in the clearing  15
PASS  the clearing's voice  
PASS  the spotlight finds the player  
PASS  the voice is the saved beat  
PASS  the cap stays in hand (it belongs to the last staircase)  
PASS  the clearing's staircase stays broken  
PASS  a staircase is lit after the voice  
PASS  the compass points at the lit staircase  objective (-33.781784, 11.629304, -589.4224), clearing_loop_marker (-33.781784, 11.629304, -589.4224)
PASS  three or four climbs are asked for  3
FAIL  climb 1: the top is reached  (-33.077934, 11.689384, -581.21204) vs (-32.686867, 14.103867, -582.5337)
FAIL  climb 1: the top was the foot of another staircase  MiniStair7 at (-33.077934, 11.689384, -581.21204)
FAIL  the compass follows the light  objective (61, 17.757242, -465), clearing_loop_marker (-33.781784, 11.629304, -589.4224)
FAIL  climb 2: the top is reached  (-33.04154, 11.671633, -581.21783) vs (-32.686867, 14.103867, -582.5337)
FAIL  climb 2: the top was the foot of another staircase  MiniStair7 at (-33.04154, 11.671633, -581.21783)
FAIL  the compass follows the light  objective (61, 17.757242, -465), clearing_loop_marker (-33.781784, 11.629304, -589.4224)
FAIL  climb 3: the top is reached  (-33.011417, 11.656411, -581.2226) vs (-32.686867, 14.103867, -582.5337)
FAIL  climb 3: the top was the foot of another staircase  MiniStair7 at (-33.011417, 11.656411, -581.2226)
FAIL  the compass follows the light  objective (61, 17.757242, -465), clearing_loop_marker (-33.781784, 11.629304, -589.4224)
FAIL  the last landing ends in the fall  
FAIL  the fall is the saved beat  
PASS  night fell while they were out  Night
FAIL  woke on the trail past the clearing  trail 643 m vs clearing 655 m
PASS  control comes back on waking  
PASS  the compass points on to the lookout  objective (61, 17.757242, -465), fire_lookout_marker (61, 17.757242, -465)

== Act 7: the lookout
PASS  checkpoint 6 at the lookout  
PASS  the cabin is burning  1
PASS  the compass points at the bunker  objective (166, 12.402138, -566), bunker_marker (166, 12.402138, -566)

== Acts 8-10: the bunker
PASS  the hatch stays locked until the code is dialled  
PASS  the station's survey lot stands round the bunker  4
PASS  the lantern is in hand for the lot  
PASS  stake 3-1 is unreadable in the plain glow  glow 0.00
PASS  stake 3-1 reads under the gathered beam  glow 0.60
PASS  stake 3-2 is unreadable in the plain glow  glow 0.00
PASS  stake 3-2 reads under the gathered beam  glow 0.60
PASS  stake 3-3 is unreadable in the plain glow  glow 0.00
PASS  stake 3-3 reads under the gathered beam  glow 0.60
PASS  stake 3-4 is unreadable in the plain glow  glow 0.00
PASS  stake 3-4 reads under the gathered beam  glow 0.60
PASS  the four stakes spell the door's code  read 4729, code 4729
PASS  E on the dial holds it up  
PASS  a wrong code keeps the hatch shut  
PASS  the stakes' code opens the bunker door  
PASS  the code is saved (the door stays open on Continue)  
PASS  the dial is put down and control is back  
PASS  checkpoint 7 inside the bunker  
PASS  carried into the interior  
PASS  indoors (forest audio off)  
PASS  the forest stalker stays outside  Dormant
PASS  walked the hallway  
PASS  the lights have gone red  
PASS  the stalker stepped out in the flickering hallway  
PASS  the vine door opens  
PASS  the screens go dark  
PASS  the screens come back showing the stairs  
PASS  the compass points at the way out  objective (1500, -79, -3001), bunker_entrance_marker (1500, -79, -3001)
PASS  the hallway is gone: a room with three doors  
PASS  the room has three doors  3
PASS  the stalker stood in the room and went  room 4 of a random 4
PASS  the rooms repeat until it shows itself  opened 5
PASS  the door after it leads out  opened 5
PASS  the walkie-talkie is waiting  
PASS  checkpoint 8 with the radio  
PASS  the radio is in the saved inventory  lantern,compass,newel_post,radio;tools=Key

== Act 11: the last climb
PASS  the radio exchange plays  
PASS  the compass points at the last staircase  objective (110, 0, -662), final_stairs_marker (110, 0, -662)
PASS  the last staircase exists, tall  True
PASS  the last staircase is still broken  
PASS  the cap is still in hand at the last staircase  
PASS  the top landing exists  
PASS  walked up the tall flight to the top landing  progress 0.99 at (110.00582, 47.413506, -722.7546)
PASS  the hum rose with the climb  progress 0.99
PASS  still in control at the top  
PASS  the broken post's E-point waits on the landing  
PASS  the cap leaves the player's hands  
PASS  the cap seats on the last staircase's post  
PASS  checkpoint 9: the giant's touch  
PASS  the seated cap is saved with it  
PASS  the ending is running  
PASS  the screen is black for the credits  
PASS  control never comes back  

