Godot Engine v4.7.2.stable.mono.official.ed1daf0bf - https://godotengine.org
D3D12 12_0 - Forward+ - Using Device #0: AMD - AMD Radeon RX 6950 XT

[waterfall] at stream s 109.4 (29.0 m above the crossing), drop 2.28 m, curtain (-21.60702, 8.20504, -162.55476)
[storytest] --story-from=6: continuing into 'Act 6: the bridge and the clearing' at Act5CabinEntered with 9 flags, gear 'lantern,compass,newel_post;tool=None'
[bunker] CRT room: 127 screens
[bunker] interior built in 99 ms
[storytest] ---- Act 6: the bridge and the clearing
[story] checkpoint reached: Act6BridgeCrossed
[story] Act 6: the woods around the clearing turn
[story] Act 6: the bridge is crossed
[storytest] PASS checkpoint 5 on crossing the footbridge 
[storytest] PASS the compass points at the clearing objective (2, 0, -590), stairs_clearing_marker (2, 0, -590)
[storytest] PASS fifteen small stairs in the clearing 15
[story] flag set: clearing_voice_heard
[storytest] PASS the clearing's voice 
[storytest] PASS the spotlight finds the player 
[storytest] PASS the voice is the saved beat 
[storytest] PASS the cap stays in hand (it belongs to the last staircase) 
[storytest] PASS the clearing's staircase stays broken 
[story] Act 6: the clearing has spoken
[story] Act 6: the clearing is closed
[story] Act 6: the loop is lit (3 climbs)
[storytest] PASS a staircase is lit after the voice 
[storytest] PASS the compass points at the lit staircase objective (-13.888255, 11.723923, -559.43854), clearing_loop_marker (-13.888255, 11.723923, -559.43854)
[storytest] PASS the clearing is closed until the loop ends 
[storytest] PASS three or four climbs are asked for 3
[storytest] climb 1: MiniStair4 at (-13.647651, 11.65527, -561.3457) scale 1.37 steps 20 rise 0.124 run 0.204 foot (-13.888255, 11.723923, -559.43854) (ground 11.45) top (-12.8743515, 15.055269, -567.4753); player (-12.996852, 11.197183, -559.8183) onFloor True ground 11.17
[storytest]   climbing: (-12.996852, 11.197183, -559.8183) onFloor True stage 0
[storytest]   climbing: (-13.719997, 11.917161, -561.421) onFloor True stage 0
[storytest]   climbing: (-13.442092, 13.135469, -563.4085) onFloor True stage 0
[storytest]   climbing: (-13.164354, 14.3537855, -565.396) onFloor True stage 0
[storytest] PASS climb 1: the top is reached (-13.014236, 15.012862, -566.47125) vs (-12.8743515, 15.055269, -567.4753)
[story] Act 6: the loop, climb 2 of 3
[storytest] PASS climb 1: the top was the foot of another staircase MiniStair7 at (-33.781784, 11.779304, -589.4224)
[storytest] PASS the compass follows the light objective (-33.781784, 11.629304, -589.4224), clearing_loop_marker (-33.781784, 11.629304, -589.4224)
[storytest] climb 2: MiniStair7 at (-33.45022, 11.553866, -587.33636) scale 1.51 steps 15 rise 0.113 run 0.186 foot (-33.781784, 11.629304, -589.4224) (ground 12.02) top (-32.686867, 14.103867, -582.5337); player (-33.781784, 11.779304, -589.4224) onFloor True ground 12.02
[storytest]   climbing: (-33.781784, 11.779304, -589.4224) onFloor True stage 1
[storytest]   climbing: (-33.4015, 11.847564, -587.22455) onFloor True stage 1
[storytest]   climbing: (-33.099636, 13.066235, -585.2401) onFloor True stage 1
[storytest] PASS climb 2: the top is reached (-32.851845, 14.0651865, -583.6136) vs (-32.686867, 14.103867, -582.5337)
[story] Act 6: the loop, climb 3 of 3
[storytest] PASS climb 2: the top was the foot of another staircase MiniStair0 at (10.911462, 9.784863, -585.2531)
[storytest] PASS the compass follows the light objective (10.911462, 9.634864, -585.2531), clearing_loop_marker (10.911462, 9.634864, -585.2531)
[storytest] climb 3: MiniStair0 at (10.2801075, 9.550341, -587.534) scale 1.69 steps 24 rise 0.101 run 0.166 foot (10.911462, 9.634864, -585.2531) (ground 9.57) top (8.280249, 13.630341, -594.75885); player (10.911462, 9.784863, -585.2531) onFloor True ground 9.57
[storytest]   climbing: (10.911462, 9.784863, -585.2531) onFloor True stage 2
[storytest]   climbing: (10.140735, 10.088691, -588.036) onFloor True stage 2
[storytest]   climbing: (9.605757, 11.306007, -589.9683) onFloor True stage 2
[storytest]   climbing: (9.070875, 12.523318, -591.90063) onFloor True stage 2
[story] Act 6: the fall
[storytest] PASS climb 3: the top is reached (8.597396, 13.600595, -593.61176) vs (8.280249, 13.630341, -594.75885)
[story] flag set: act6_night_fell
[story] flag set: clearing_loop_done
[story] Act 6: woke on the trail; night
[storytest] PASS the last landing ends in the fall 
[storytest] PASS the fall is the saved beat 
[storytest] PASS the voice kept calling during the loop 9 calls
[storytest] PASS the clearing opens again after the fall 
[storytest] PASS night fell while they were out Night
[storytest] PASS woke on the trail past the clearing trail 676 m vs clearing 655 m
[storytest] PASS control comes back on waking 
[storytest] PASS the compass points on to the lookout objective (61, 17.757242, -465), fire_lookout_marker (61, 17.757242, -465)
[storytest] Act 6: the bridge and the clearing took 66.8s
[storytest] ---- Act 7: the lookout
[story] Act 7: the cabin catches
[story] checkpoint reached: Act7CabinBurning
[story] Act 7: the cabin is burning
[story] Act 7: the giant crosses beyond the burning cabin
[storytest] PASS checkpoint 6 at the lookout 
[storytest] PASS the cabin is burning 1
[storytest] PASS the giant crosses beyond the burning cabin 
[storytest] PASS it walks on the far side of the cabin giant 159 m, cabin 82 m from the lookout
[storytest] PASS only its neck and head clear the trees size 22
[storytest] PASS the player keeps control while it passes 
[story] flag set: giant_event_done
[storytest] PASS the giant is gone and the sighting is saved 
[storytest] PASS the compass points at the bunker objective (166, 12.402138, -566), bunker_marker (166, 12.402138, -566)
[storytest] Act 7: the lookout took 22.0s
[storytest] ---- Acts 8-10: the bunker
[story] flag set: line_bunker_dial
[storytest] PASS the hatch stays locked until the code is dialled 
[storytest] PASS the station's survey lot stands round the bunker 4
[storytest] PASS the lantern is in hand for the lot 
[storytest] PASS stake 3-1 is unreadable in the plain glow glow 0.00
[storytest] PASS stake 3-1 reads under the gathered beam glow 0.60
[storytest] PASS stake 3-2 is unreadable in the plain glow glow 0.00
[storytest] PASS stake 3-2 reads under the gathered beam glow 0.60
[storytest] PASS stake 3-3 is unreadable in the plain glow glow 0.00
[storytest] PASS stake 3-3 reads under the gathered beam glow 0.60
[storytest] PASS stake 3-4 is unreadable in the plain glow glow 0.00
[storytest] PASS stake 3-4 reads under the gathered beam glow 0.60
[storytest] PASS the four stakes spell the door's code read 4729, code 4729
[storytest] dial: focused '@MeshInstance3D@493' prompt 'Try the dial'
[storytest] PASS E on the dial holds it up 
[storytest] PASS a wrong code keeps the hatch shut 
[story] flag set: bunker_unlocked
[story] the bunker door stands open
[storytest] PASS the stakes' code opens the bunker door 
[storytest] PASS the code is saved (the door stays open on Continue) 
[storytest] PASS the dial is put down and control is back 
[story] checkpoint reached: Act8BunkerEntered
[story] Act 8: into the bunker
[storytest] PASS checkpoint 7 inside the bunker 
[storytest] PASS carried into the interior 
[storytest] PASS indoors (forest audio off) 
[storytest] PASS the forest stalker stays outside Dormant
[story] flag set: bunker_jumpscare_done
[story] Act 8: it is in the hallway
[storytest] PASS walked the hallway 
[storytest] PASS the lights have gone red 
[storytest] PASS the stalker stepped out in the flickering hallway 
[storytest] PASS the vine door opens 
[storytest] PASS the screens go dark 
[story] flag set: crt_puzzle_done
[story] Act 9: the screens show the stairs
[storytest] PASS the screens come back showing the stairs 
[storytest] PASS the compass points at the dead walkie-talkie on the console objective (1500.3, -79.047005, -3106.35), walkie_marker (1500.3, -79.047005, -3106.35)
[storytest] PASS the walkie-talkie lies dead on the console 
[storytest] use WalkiePickup: focused 'WalkiePickup' prompt 'Pick up the walkie-talkie'
[story] flag set: walkie_taken
[story] Act 9: the walkie-talkie, dead, off the console
[storytest] PASS the radio is in hand, and silent 
[storytest] PASS the compass points at the way out objective (1500, -79, -3001), bunker_entrance_marker (1500, -79, -3001)
[story] flag set: bunker_maze_entered
[storytest] PASS the hallway is gone: a room with three doors 
[storytest] PASS the room has three doors 3
[storytest] PASS the compass points at the door ahead while the rooms repeat objective (1800, -79, -3006.6), bunker_entrance_marker (1800, -79, -3006.6)
[story] Act 10: the hallway is gone; a room with three doors
[storytest] use Open: focused 'DoorLeaf0' prompt 'Open the door'
[storytest] use Open: focused 'DoorLeaf1' prompt 'Open the door'
[storytest] use Open: focused 'DoorLeaf2' prompt 'Open the door'
[story] flag set: bunker_rooms_scared
[story] Act 10: it is in the room (room 3)
[storytest] PASS it hangs in the room room 3 of a random 3
[storytest] PASS the rooms repeat until it shows itself opened 3
[storytest] PASS the room went black, only its eyes 
[storytest] PASS RUN! went up 
[storytest] PASS the doors ahead are dead and the one behind stands open 
[storytest] PASS the compass points back at the round door objective (1800, -79, -3006.6), bunker_entrance_marker (1800, -79, -3006.6)
[storytest] FAIL the run ends at the round door 
[storytest] FAIL its clicking rose as they ran 0.12 -> 0.12
[storytest] FAIL checkpoint 8: the walkie-talkie wakes outside 
[storytest] FAIL carried out of the bunker 
[storytest] PASS the radio is in the saved inventory lantern,compass,newel_post,radio;tools=
[storytest] Acts 8-10: the bunker took 153.1s
[storytest] ---- Act 11: the last climb
[storytest] FAIL the radio exchange plays 
[storytest] FAIL the compass points at the last staircase objective (1800, -79, -3006.6), final_stairs_marker (110, 0, -662)
[storytest] FAIL the last staircase exists, tall False
[story] Act 10: out through the round door
[story] flag set: bunker_maze_exited
[story] checkpoint reached: Act10WalkieFound
[story] Act 10: out of the bunker; the radio wakes
[story] flag set: act11_dialogue_done
[story] Act 11: the radio speaks
[storytest] PASS the last staircase is still broken 
[storytest] PASS the cap is still in hand at the last staircase 
[storytest] PASS the top landing exists 
[storytest] PASS walked up the tall flight to the top landing progress 0.99 at (110.00074, 47.420185, -722.7655)
[storytest] PASS the hum rose with the climb progress 0.99
[storytest] PASS the last staircase called once or twice on the way up 2 calls
[storytest] PASS still in control at the top 
[storytest] PASS the broken post's E-point waits on the landing 
[storytest] use CapSeat: focused 'Stairs' prompt 'Put the cap back'
[storytest] PASS the cap leaves the player's hands 
[storytest] PASS the cap seats on the last staircase's post 
[story] Act 11: the cap is back on the post
[story] Act 11: looking up at it (pitch 63 deg)
[story] Act 11: passed out looking it in the eyes
[story] flag set: newel_seated
[story] checkpoint reached: Act11GiantEncounter
[storytest] PASS checkpoint 9: the giant's touch 
[storytest] PASS the seated cap is saved with it 
[storytest] PASS the ending is running 
[storytest] PASS they looked up into its eyes 
[storytest] PASS trembling, then passed out looking at it 
[storytest] PASS the screen is black for the credits 
[storytest] PASS control never comes back 
[storytest] Act 11: the last climb took 122.4s
Project DS story test  2026-09-22T14:26:11
93/100 passed in 368 s  (walked 677 m, jumped 492 m)
fps while walking: avg 238, min 41

== Act 6: the bridge and the clearing
PASS  checkpoint 5 on crossing the footbridge  
PASS  the compass points at the clearing  objective (2, 0, -590), stairs_clearing_marker (2, 0, -590)
PASS  fifteen small stairs in the clearing  15
PASS  the clearing's voice  
PASS  the spotlight finds the player  
PASS  the voice is the saved beat  
PASS  the cap stays in hand (it belongs to the last staircase)  
PASS  the clearing's staircase stays broken  
PASS  a staircase is lit after the voice  
PASS  the compass points at the lit staircase  objective (-13.888255, 11.723923, -559.43854), clearing_loop_marker (-13.888255, 11.723923, -559.43854)
PASS  the clearing is closed until the loop ends  
PASS  three or four climbs are asked for  3
PASS  climb 1: the top is reached  (-13.014236, 15.012862, -566.47125) vs (-12.8743515, 15.055269, -567.4753)
PASS  climb 1: the top was the foot of another staircase  MiniStair7 at (-33.781784, 11.779304, -589.4224)
PASS  the compass follows the light  objective (-33.781784, 11.629304, -589.4224), clearing_loop_marker (-33.781784, 11.629304, -589.4224)
PASS  climb 2: the top is reached  (-32.851845, 14.0651865, -583.6136) vs (-32.686867, 14.103867, -582.5337)
PASS  climb 2: the top was the foot of another staircase  MiniStair0 at (10.911462, 9.784863, -585.2531)
PASS  the compass follows the light  objective (10.911462, 9.634864, -585.2531), clearing_loop_marker (10.911462, 9.634864, -585.2531)
PASS  climb 3: the top is reached  (8.597396, 13.600595, -593.61176) vs (8.280249, 13.630341, -594.75885)
PASS  the last landing ends in the fall  
PASS  the fall is the saved beat  
PASS  the voice kept calling during the loop  9 calls
PASS  the clearing opens again after the fall  
PASS  night fell while they were out  Night
PASS  woke on the trail past the clearing  trail 676 m vs clearing 655 m
PASS  control comes back on waking  
PASS  the compass points on to the lookout  objective (61, 17.757242, -465), fire_lookout_marker (61, 17.757242, -465)

== Act 7: the lookout
PASS  checkpoint 6 at the lookout  
PASS  the cabin is burning  1
PASS  the giant crosses beyond the burning cabin  
PASS  it walks on the far side of the cabin  giant 159 m, cabin 82 m from the lookout
PASS  only its neck and head clear the trees  size 22
PASS  the player keeps control while it passes  
PASS  the giant is gone and the sighting is saved  
PASS  the compass points at the bunker  objective (166, 12.402138, -566), bunker_marker (166, 12.402138, -566)

== Acts 8-10: the bunker
PASS  the hatch stays locked until the code is dialled  
PASS  the station's survey lot stands round the bunker  4
PASS  the lantern is in hand for the lot  
PASS  stake 3-1 is unreadable in the plain glow  glow 0.00
PASS  stake 3-1 reads under the gathered beam  glow 0.60
PASS  stake 3-2 is unreadable in the plain glow  glow 0.00
PASS  stake 3-2 reads under the gathered beam  glow 0.60
PASS  stake 3-3 is unreadable in the plain glow  glow 0.00
PASS  stake 3-3 reads under the gathered beam  glow 0.60
PASS  stake 3-4 is unreadable in the plain glow  glow 0.00
PASS  stake 3-4 reads under the gathered beam  glow 0.60
PASS  the four stakes spell the door's code  read 4729, code 4729
PASS  E on the dial holds it up  
PASS  a wrong code keeps the hatch shut  
PASS  the stakes' code opens the bunker door  
PASS  the code is saved (the door stays open on Continue)  
PASS  the dial is put down and control is back  
PASS  checkpoint 7 inside the bunker  
PASS  carried into the interior  
PASS  indoors (forest audio off)  
PASS  the forest stalker stays outside  Dormant
PASS  walked the hallway  
PASS  the lights have gone red  
PASS  the stalker stepped out in the flickering hallway  
PASS  the vine door opens  
PASS  the screens go dark  
PASS  the screens come back showing the stairs  
PASS  the compass points at the dead walkie-talkie on the console  objective (1500.3, -79.047005, -3106.35), walkie_marker (1500.3, -79.047005, -3106.35)
PASS  the walkie-talkie lies dead on the console  
PASS  the radio is in hand, and silent  
PASS  the compass points at the way out  objective (1500, -79, -3001), bunker_entrance_marker (1500, -79, -3001)
PASS  the hallway is gone: a room with three doors  
PASS  the room has three doors  3
PASS  the compass points at the door ahead while the rooms repeat  objective (1800, -79, -3006.6), bunker_entrance_marker (1800, -79, -3006.6)
PASS  it hangs in the room  room 3 of a random 3
PASS  the rooms repeat until it shows itself  opened 3
PASS  the room went black, only its eyes  
PASS  RUN! went up  
PASS  the doors ahead are dead and the one behind stands open  
PASS  the compass points back at the round door  objective (1800, -79, -3006.6), bunker_entrance_marker (1800, -79, -3006.6)
FAIL  the run ends at the round door  
FAIL  its clicking rose as they ran  0.12 -> 0.12
FAIL  checkpoint 8: the walkie-talkie wakes outside  
FAIL  carried out of the bunker  
PASS  the radio is in the saved inventory  lantern,compass,newel_post,radio;tools=

== Act 11: the last climb
FAIL  the radio exchange plays  
FAIL  the compass points at the last staircase  objective (1800, -79, -3006.6), final_stairs_marker (110, 0, -662)
FAIL  the last staircase exists, tall  False
PASS  the last staircase is still broken  
PASS  the cap is still in hand at the last staircase  
PASS  the top landing exists  
PASS  walked up the tall flight to the top landing  progress 0.99 at (110.00074, 47.420185, -722.7655)
PASS  the hum rose with the climb  progress 0.99
PASS  the last staircase called once or twice on the way up  2 calls
PASS  still in control at the top  
PASS  the broken post's E-point waits on the landing  
PASS  the cap leaves the player's hands  
PASS  the cap seats on the last staircase's post  
PASS  checkpoint 9: the giant's touch  
PASS  the seated cap is saved with it  
PASS  the ending is running  
PASS  they looked up into its eyes  
PASS  trembling, then passed out looking at it  
PASS  the screen is black for the credits  
PASS  control never comes back  

