Godot Engine v4.7.2.stable.mono.official.ed1daf0bf - https://godotengine.org
D3D12 12_0 - Forward+ - Using Device #0: AMD - AMD Radeon RX 6950 XT

[waterfall] at stream s 109.4 (29.0 m above the crossing), drop 2.28 m, curtain (-21.60702, 8.20504, -162.55476)
[storytest] --story-from=6: continuing into 'Act 6: the bridge and the clearing' at Act5CabinEntered with 9 flags, gear 'lantern,compass,newel_post;tool=None'
[bunker] CRT room: 127 screens
[bunker] interior built in 95 ms
[story] Act 6 layout (name, xz, yaw deg, footprint w x l):
  MiniStair0  (   9.7,  25.1) yaw    6 whole   4.2 x 18.7 m (trail)
  MiniStair1  (  -3.7,  15.3) yaw  162 whole   4.2 x 19.3 m
  MiniStair2  (  15.3,   5.1) yaw  342 ruined  3.3 x  7.1 m
  MiniStair3  ( -14.7, -12.8) yaw  161 whole   4.2 x 18.7 m
  MiniStair4  ( -13.2,   8.1) yaw  160 whole   4.2 x 19.3 m
  MiniStair5  (  20.9,  17.4) yaw  196 ruined  5.1 x 10.2 m
  MiniStair6  (  22.7,   8.1) yaw  294 whole   4.2 x 18.7 m
  MiniStair7  ( -18.5, -18.6) yaw   80 whole   4.2 x 19.0 m
  MiniStair8  (   5.8, -23.8) yaw  315 ruined  3.8 x  6.2 m
  MiniStair9  (  -7.4, -24.0) yaw   77 whole   4.2 x 19.3 m
  MiniStair10 ( -26.6,  -2.9) yaw   79 whole   4.2 x 19.3 m
  MiniStair11 (  10.4, -13.7) yaw   15 ruined  4.1 x  4.7 m
  MiniStair12 (  -6.9, -34.1) yaw   90 whole   4.2 x 19.3 m
  MiniStair13 ( -24.1,   8.8) yaw  112 whole   4.2 x 18.7 m
  MiniStair14 (  24.0,  -4.6) yaw  231 ruined  5.1 x  7.7 m
[storytest] ---- Act 6: the bridge and the clearing
[story] checkpoint reached: Act6BridgeCrossed
[story] Act 6: the clearing is closed but for the trail
[story] Act 6: the woods around the clearing turn
[story] Act 6: the bridge is crossed
[storytest] PASS checkpoint 5 on crossing the footbridge 
[storytest] PASS the compass points at the clearing objective (2, 0, -590), stairs_clearing_marker (2, 0, -590)
[storytest] PASS fifteen small stairs in the clearing 15
[story] Act 6: the voice starts calling out of the trees
[story] flag set: clearing_voice_heard
[story] Act 6: the clearing has spoken
[story] Act 6: the clearing waits for a staircase to be chosen (4 flights)
[storytest] PASS the clearing's voice 
[storytest] PASS the spotlight finds the player 
[storytest] PASS the voice is the saved beat 
[storytest] PASS the cap stays in hand (it belongs to the last staircase) 
[storytest] PASS the clearing's staircase stays broken 
[storytest] PASS after the voice the clearing waits for a choice: nothing lit armed True, target 
[storytest] PASS the voice started calling as they entered the clearing calling True, 21 calls so far
[storytest] PASS the compass rests on the clearing until a flight is chosen objective (-10, 10.545584, -588), clearing_loop_marker (-10, 10.545584, -588)
[storytest] PASS only the whole staircases carry the loop 10 loop stairs, ruined 0
[storytest] PASS the whole staircases are all much the same size steps 47-49, scale 1.35, width 1.50
[storytest] PASS no two clearing staircases overlap 16 flights
[storytest] PASS one whole staircase stands in the trail's mouth MiniStair0, 0.0 m off the trail
[storytest] PASS the clearing is thick with fog height fog -0.070
[storytest] PASS no trees inside the clearing 0 trunks within 50 m
[storytest] PASS the clearing is closed 
[storytest] PASS the clearing is closed but for the way in entrance open True, onward blocked True, side blocked True
[story] it is raining blood
[story] Act 6: the loop starts on MiniStair1
[storytest] PASS stepping onto a staircase starts the loop target MiniStair1, chosen MiniStair1
[storytest] PASS the light and the compass follow the chosen flight objective (-18.107647, 17.913273, -559.1474), clearing_loop_marker (-18.107647, 17.913273, -559.1474)
[storytest] PASS blood begins to rain as the loop starts 
[storytest] PASS four to six flights are planned, all up 4 flights
[storytest] PASS cannot back down on flight 1 wall armed True, backed 0.01 m
[story] Act 6: the top of MiniStair1 reached (flight 1 of 4)
[storytest] PASS flight 1 (MiniStair1): the top is reached on foot (-17.795158, 17.85688, -560.12085) vs (-18.107647, 17.913273, -559.1474)
[story]   after hand-off 0.0s: on MiniStair0 local (-0.00, 2.96, -4.65) floor True vel 0.00 move (0, 0) yaw 6 target MiniStair0 stage 1 t 146494
[story] Act 6: the loop, flight 2 of 4 (MiniStair0, 0.48 up it)
[story]   after hand-off 0.3s: on MiniStair0 local (-0.00, 2.98, -4.64) floor True vel 0.00 move (0, 0) yaw 6 target MiniStair0 stage 1 t 146796
[storytest] PASS flight 1: the fog put them on another flight (0.48 up it), still walking, no cut MiniStair0 at (-0.98284876, 12.98548, -569.0803) vs (-0.98495173, 12.7760725, -569.0999), input True, black 0.00
[storytest] PASS the compass follows the flight objective (-1.7802436, 16.951694, -576.49854), clearing_loop_marker (-1.7802436, 16.951694, -576.49854)
[story]   after hand-off 0.6s: on MiniStair0 local (-0.00, 3.12, -4.87) floor True vel 2.70 move (0, 1) yaw 6 target MiniStair0 stage 1 t 147091
[story]   after hand-off 0.9s: on MiniStair0 local (0.00, 3.39, -5.31) floor True vel 2.70 move (0, 1) yaw 6 target MiniStair0 stage 1 t 147398
[storytest] PASS cannot back down on flight 2 wall armed True, backed 0.01 m
[story] Act 6: the top of MiniStair0 reached (flight 2 of 4)
[storytest] PASS flight 2 (MiniStair0): the top is reached on foot (-1.6712347, 16.897768, -575.48627) vs (-1.7802436, 16.951694, -576.49854)
[story]   after hand-off 0.0s: on MiniStair9 local (0.00, 3.39, -5.37) floor True vel 0.00 move (0, 0) yaw 77 target MiniStair9 stage 2 t 157179
[story] Act 6: the loop, flight 3 of 4 (MiniStair9, 0.53 up it)
[story]   after hand-off 0.3s: on MiniStair9 local (0.00, 3.41, -5.35) floor True vel 0.00 move (0, 0) yaw 77 target MiniStair9 stage 2 t 157483
[storytest] PASS flight 2: the fog put them on another flight (0.53 up it), still walking, no cut MiniStair9 at (-24.416702, 14.740297, -613.5693) vs (-24.435905, 14.530878, -613.5736), input True, black 0.00
[storytest] PASS the compass follows the flight objective (-31.302048, 18.46188, -615.121), clearing_loop_marker (-31.302048, 18.46188, -615.121)
[story]   after hand-off 0.6s: on MiniStair9 local (0.00, 3.55, -5.58) floor True vel 2.70 move (0, 1) yaw 77 target MiniStair9 stage 2 t 157789
[story]   after hand-off 0.9s: on MiniStair9 local (0.00, 3.82, -6.02) floor True vel 2.70 move (0, 1) yaw 77 target MiniStair9 stage 2 t 158091
[story] Act 6: the top of MiniStair9 reached (flight 3 of 4)
[storytest] PASS flight 3 (MiniStair9): the top is reached on foot (-30.302317, 18.404009, -614.89624) vs (-31.302048, 18.46188, -615.121)
[story]   after hand-off 0.0s: on MiniStair12 local (0.00, 2.87, -4.51) floor True vel 0.00 move (0, 0) yaw 90 target MiniStair12 stage 3 t 161492
[story] Act 6: the loop, flight 4 of 4 (MiniStair12, 0.44 up it)
[story]   after hand-off 0.3s: on MiniStair12 local (0.00, 2.90, -4.50) floor True vel 0.00 move (0, 0) yaw 90 target MiniStair12 stage 3 t 161795
[storytest] PASS flight 3: the fog put them on another flight (0.44 up it), still walking, no cut MiniStair12 at (-23.018637, 16.859453, -622.16113) vs (-23.038322, 16.650032, -622.1612), input True, black 0.00
[storytest] PASS the compass follows the flight objective (-31.227726, 21.279922, -622.1887), clearing_loop_marker (-31.227726, 21.279922, -622.1887)
[story]   after hand-off 0.6s: on MiniStair12 local (-0.00, 3.04, -4.73) floor True vel 2.70 move (0, 1) yaw 90 target MiniStair12 stage 3 t 162100
[story]   after hand-off 0.9s: on MiniStair12 local (0.00, 3.30, -5.17) floor True vel 2.70 move (0, 1) yaw 90 target MiniStair12 stage 3 t 162405
[story] Act 6: the top of MiniStair12 reached (flight 4 of 4)
[story] Act 6: the fall
[storytest] PASS flight 4 (MiniStair12): the top is reached on foot (-30.202505, 21.221802, -622.18567) vs (-31.227726, 21.279922, -622.1887)
[story] flag set: act6_night_fell
[story] flag set: clearing_loop_done
[story] Act 6: woke on the trail; night, fog
[storytest] PASS the last landing ends in the fall 
[storytest] PASS the fall is the saved beat 
[storytest] PASS the voice kept calling during the loop 43 calls
[storytest] PASS blood rained harder with every flight 
[storytest] PASS at least one hand-off landed part way along a flight landed at 0.48, 0.53, 0.44
[storytest] PASS the loop flights are long 47-49 steps
[storytest] PASS the blood stops with the fall 
[storytest] PASS the ring still stands after the fall 
[storytest] PASS it is still the same night when they wake Night
[storytest] PASS woke on the trail past the clearing, outside the ring trail 723 m vs clearing 655 m, 58 m from the centre
[storytest] PASS woke in thick fog height fog -0.160
[storytest] PASS control comes back on waking 
[storytest] PASS nothing is said on waking caption alpha 0.00
[storytest] PASS the compass points on to the lookout objective (61, 17.757242, -465), fire_lookout_marker (61, 17.757242, -465)
[storytest] Act 6: the bridge and the clearing took 162.4s
Project DS story test  2026-09-22T15:41:17
49/49 passed in 166 s  (walked 192 m, jumped 140 m)
fps while walking: avg 238, min 1

== Act 6: the bridge and the clearing
PASS  checkpoint 5 on crossing the footbridge  
PASS  the compass points at the clearing  objective (2, 0, -590), stairs_clearing_marker (2, 0, -590)
PASS  fifteen small stairs in the clearing  15
PASS  the clearing's voice  
PASS  the spotlight finds the player  
PASS  the voice is the saved beat  
PASS  the cap stays in hand (it belongs to the last staircase)  
PASS  the clearing's staircase stays broken  
PASS  after the voice the clearing waits for a choice: nothing lit  armed True, target 
PASS  the voice started calling as they entered the clearing  calling True, 21 calls so far
PASS  the compass rests on the clearing until a flight is chosen  objective (-10, 10.545584, -588), clearing_loop_marker (-10, 10.545584, -588)
PASS  only the whole staircases carry the loop  10 loop stairs, ruined 0
PASS  the whole staircases are all much the same size  steps 47-49, scale 1.35, width 1.50
PASS  no two clearing staircases overlap  16 flights
PASS  one whole staircase stands in the trail's mouth  MiniStair0, 0.0 m off the trail
PASS  the clearing is thick with fog  height fog -0.070
PASS  no trees inside the clearing  0 trunks within 50 m
PASS  the clearing is closed  
PASS  the clearing is closed but for the way in  entrance open True, onward blocked True, side blocked True
PASS  stepping onto a staircase starts the loop  target MiniStair1, chosen MiniStair1
PASS  the light and the compass follow the chosen flight  objective (-18.107647, 17.913273, -559.1474), clearing_loop_marker (-18.107647, 17.913273, -559.1474)
PASS  blood begins to rain as the loop starts  
PASS  four to six flights are planned, all up  4 flights
PASS  cannot back down on flight 1  wall armed True, backed 0.01 m
PASS  flight 1 (MiniStair1): the top is reached on foot  (-17.795158, 17.85688, -560.12085) vs (-18.107647, 17.913273, -559.1474)
PASS  flight 1: the fog put them on another flight (0.48 up it), still walking, no cut  MiniStair0 at (-0.98284876, 12.98548, -569.0803) vs (-0.98495173, 12.7760725, -569.0999), input True, black 0.00
PASS  the compass follows the flight  objective (-1.7802436, 16.951694, -576.49854), clearing_loop_marker (-1.7802436, 16.951694, -576.49854)
PASS  cannot back down on flight 2  wall armed True, backed 0.01 m
PASS  flight 2 (MiniStair0): the top is reached on foot  (-1.6712347, 16.897768, -575.48627) vs (-1.7802436, 16.951694, -576.49854)
PASS  flight 2: the fog put them on another flight (0.53 up it), still walking, no cut  MiniStair9 at (-24.416702, 14.740297, -613.5693) vs (-24.435905, 14.530878, -613.5736), input True, black 0.00
PASS  the compass follows the flight  objective (-31.302048, 18.46188, -615.121), clearing_loop_marker (-31.302048, 18.46188, -615.121)
PASS  flight 3 (MiniStair9): the top is reached on foot  (-30.302317, 18.404009, -614.89624) vs (-31.302048, 18.46188, -615.121)
PASS  flight 3: the fog put them on another flight (0.44 up it), still walking, no cut  MiniStair12 at (-23.018637, 16.859453, -622.16113) vs (-23.038322, 16.650032, -622.1612), input True, black 0.00
PASS  the compass follows the flight  objective (-31.227726, 21.279922, -622.1887), clearing_loop_marker (-31.227726, 21.279922, -622.1887)
PASS  flight 4 (MiniStair12): the top is reached on foot  (-30.202505, 21.221802, -622.18567) vs (-31.227726, 21.279922, -622.1887)
PASS  the last landing ends in the fall  
PASS  the fall is the saved beat  
PASS  the voice kept calling during the loop  43 calls
PASS  blood rained harder with every flight  
PASS  at least one hand-off landed part way along a flight  landed at 0.48, 0.53, 0.44
PASS  the loop flights are long  47-49 steps
PASS  the blood stops with the fall  
PASS  the ring still stands after the fall  
PASS  it is still the same night when they wake  Night
PASS  woke on the trail past the clearing, outside the ring  trail 723 m vs clearing 655 m, 58 m from the centre
PASS  woke in thick fog  height fog -0.160
PASS  control comes back on waking  
PASS  nothing is said on waking  caption alpha 0.00
PASS  the compass points on to the lookout  objective (61, 17.757242, -465), fire_lookout_marker (61, 17.757242, -465)

ERROR: System.NullReferenceException: Object reference not set to an instance of an object.
   at ProjectDS.Systems.StoryTest._Process(Double delta) in C:\Users\Dan\GLHFDD\Godot Projects\project-ds\scripts\systems\StoryTest.cs:line 190
   at Godot.Node.InvokeGodotClassMethod(godot_string_name& method, NativeVariantPtrArgs args, godot_variant& ret) in /root/godot/modules/mono/glue/GodotSharp/GodotSharp/Generated/GodotObjects/Node.cs:line 2654
   at ProjectDS.Systems.StoryTest.InvokeGodotClassMethod(godot_string_name& method, NativeVariantPtrArgs args, godot_variant& ret) in C:\Users\Dan\GLHFDD\Godot Projects\project-ds\Godot.SourceGenerators\Godot.SourceGenerators.ScriptMethodsGenerator\ProjectDS.Systems.StoryTest_ScriptMethods.generated.cs:line 186
   at Godot.Bridge.CSharpInstanceBridge.Call(IntPtr godotObjectGCHandle, godot_string_name* method, godot_variant** args, Int32 argCount, godot_variant_call_error* refCallError, godot_variant* ret) in /root/godot/modules/mono/glue/GodotSharp/GodotSharp/Core/Bridge/CSharpInstanceBridge.cs:line 24
   at: void Godot.NativeInterop.ExceptionUtils.LogException(System.Exception) (/root/godot/modules/mono/glue/GodotSharp/GodotSharp/Core/NativeInterop/ExceptionUtils.cs:113)
   C# backtrace (most recent call first):
       [0] void Godot.GD.PushError(string) (/root/godot/modules/mono/glue/GodotSharp/GodotSharp/Core/GD.cs:366)
       [1] void Godot.NativeInterop.ExceptionUtils.LogException(System.Exception) (/root/godot/modules/mono/glue/GodotSharp/GodotSharp/Core/NativeInterop/ExceptionUtils.cs:113)
       [2] Godot.NativeInterop.godot_bool Godot.Bridge.CSharpInstanceBridge.Call(nint, Godot.NativeInterop.godot_string_name*, Godot.NativeInterop.godot_variant**, int, Godot.NativeInterop.godot_variant_call_error*, Godot.NativeInterop.godot_variant*) (/root/godot/modules/mono/glue/GodotSharp/GodotSharp/Core/Bridge/CSharpInstanceBridge.cs:24)
