Godot Engine v4.7.2.stable.mono.official.ed1daf0bf - https://godotengine.org
D3D12 12_0 - Forward+ - Using Device #0: AMD - AMD Radeon RX 6950 XT

[waterfall] at stream s 109.4 (29.0 m above the crossing), drop 2.28 m, curtain (-21.60702, 8.20504, -162.55476)
[storytest] --story-from=6: continuing into 'Act 6: the bridge and the clearing' at Act5CabinEntered with 9 flags, gear 'lantern,compass,newel_post;tool=None'
[bunker] CRT room: 127 screens
[bunker] interior built in 99 ms
[story] Act 6 layout (name, xz, yaw deg, footprint w x l):
  MiniStair0  (   9.0,  17.2) yaw    3 whole   4.2 x 10.3 m (trail)
  MiniStair1  (  -2.8,  11.4) yaw  162 whole   4.2 x 10.9 m
  MiniStair2  (  14.6,   5.1) yaw  224 ruined  3.3 x  7.1 m
  MiniStair3  ( -11.7, -10.1) yaw  161 whole   4.2 x 10.9 m
  MiniStair4  (  -9.8,   6.0) yaw  160 whole   4.2 x 10.9 m
  MiniStair5  (  -7.2, -19.1) yaw   19 ruined  5.1 x 10.2 m
  MiniStair6  (  18.0,   1.7) yaw  324 whole   4.2 x 10.9 m
  MiniStair7  ( -19.3,   5.9) yaw   47 whole   4.2 x 10.3 m
  MiniStair8  ( -22.1,  12.3) yaw  147 ruined  3.9 x  7.0 m
  MiniStair9  (   4.7, -24.2) yaw  265 whole   4.2 x 10.6 m
  MiniStair10 ( -20.4,  -8.8) yaw  327 whole   4.2 x 10.9 m
  MiniStair11 (   1.6,  24.7) yaw  148 ruined  4.4 x  9.5 m
  MiniStair12 (  17.4,  17.6) yaw  258 whole   4.2 x 10.9 m
  MiniStair13 ( -24.4, -17.4) yaw  161 whole   4.2 x 10.9 m
  MiniStair14 (   0.5,  17.5) yaw  252 ruined  4.3 x  4.7 m
[storytest] ---- Act 6: the bridge and the clearing
[story] checkpoint reached: Act6BridgeCrossed
[story] Act 6: the clearing is closed but for the trail
[story] Act 6: the woods around the clearing turn
[story] Act 6: the bridge is crossed
[storytest] PASS checkpoint 5 on crossing the footbridge 
[storytest] PASS the compass points at the clearing objective (2, 0, -590), stairs_clearing_marker (2, 0, -590)
[storytest] PASS fifteen small stairs in the clearing 15
[story] flag set: clearing_voice_heard
[story] Act 6: the clearing has spoken
[story] Act 6: the clearing waits for a staircase to be chosen (3 climbs, 5 legs)
[storytest] PASS the clearing's voice 
[storytest] PASS the spotlight finds the player 
[storytest] PASS the voice is the saved beat 
[storytest] PASS the cap stays in hand (it belongs to the last staircase) 
[storytest] PASS the clearing's staircase stays broken 
[storytest] PASS after the voice the clearing waits for a choice: nothing lit armed True, target 
[storytest] PASS the compass rests on the clearing until a flight is chosen objective (-10, 10.545584, -588), clearing_loop_marker (-10, 10.545584, -588)
[storytest] PASS only the whole staircases carry the loop 10 loop stairs, ruined 0
[storytest] PASS the whole staircases are all much the same size steps 17-19, scale 1.35, width 1.50
[storytest] PASS no two clearing staircases overlap 16 flights
[storytest] PASS one whole staircase stands in the trail's mouth MiniStair0, 0.0 m off the trail
[storytest] PASS the clearing is thick with fog height fog -0.070
[storytest] PASS no trees inside the clearing 0 trunks within 38 m
[storytest] PASS the clearing is closed 
[storytest] PASS the clearing is closed but for the way in entrance open True, onward blocked True, side blocked True
[story] it is raining blood
[story] Act 6: the loop starts on MiniStair0
[storytest] PASS stepping onto a staircase starts the loop target MiniStair0, chosen MiniStair0
[storytest] PASS the light and the compass follow the chosen flight objective (-1.3363104, 12.188818, -576.13574), clearing_loop_marker (-1.3363104, 12.188818, -576.13574)
[storytest] PASS blood begins to rain as the loop starts 
[storytest] PASS up and down legs are planned 5 legs, 3 climbs
[storytest] PASS no way back on leg 1 (up) wall armed True, 5.2 -> 5.0 m from the leg's start
[story] Act 6: the top of MiniStair0 reached t 103417
[storytest] leg 1: walk returned at t 103418 stage 1 move (0, 0) player (-1.3614571, 12.1492605, -575.13794)
[storytest] PASS leg 1 (up MiniStair0): the end is reached on foot (-1.3614571, 12.1492605, -575.13794) vs (-1.3363104, 12.188818, -576.13574)
[story]   after hand-off 0.0s: on MiniStair3 local (0.00, 2.50, -4.36) floor True vel 0.00 move (0, 0) yaw -19 target MiniStair3 stage 1 t 103918
[story] Act 6: the loop, leg 2 of 5 (down MiniStair3)
[story]   after hand-off 0.3s: on MiniStair3 local (0.00, 2.39, -4.36) floor True vel 0.00 move (0, 0) yaw -19 target MiniStair3 stage 1 t 104221
[storytest] PASS leg 1: the swim put them at the top of another flight, still walking MiniStair3 at (-23.56104, 12.778674, -592.5679) vs (-23.56104, 12.778089, -592.5679), input True
[storytest] PASS the compass follows the leg objective (-21.064875, 9.615588, -599.92993), clearing_loop_marker (-21.064875, 9.615588, -599.92993)
[story]   after hand-off 0.6s: on MiniStair3 local (0.00, 2.39, -4.21) floor True vel 1.80 move (0, 1) yaw -19 target MiniStair3 stage 1 t 104525
[story]   after hand-off 0.9s: on MiniStair3 local (-0.00, 2.37, -3.64) floor True vel 2.70 move (0, 1) yaw -19 target MiniStair3 stage 1 t 104830
[story] Act 6: the foot of MiniStair3 reached at local (-0.12, 0.52, -0.59) t 106367
[storytest] leg 2: walk returned at t 106367 stage 2 move (0, 0) player (-21.771227, 10.255773, -597.3294)
[storytest] PASS leg 2 (down MiniStair3): the end is reached on foot (-21.771227, 10.255773, -597.3294) vs (-21.064875, 9.615588, -599.92993)
[story]   after hand-off 0.0s: on MiniStair0 local (0.00, 0.16, 1.40) floor True vel 0.00 move (0, 0) yaw 3 target MiniStair0 stage 2 t 106868
[story] Act 6: the loop, leg 3 of 5 (up MiniStair0)
[story]   after hand-off 0.3s: on MiniStair0 local (0.00, -0.05, 1.40) floor True vel 0.00 move (0, 0) yaw 3 target MiniStair0 stage 2 t 107171
[storytest] PASS leg 2: the swim put them at the foot of another flight, still walking MiniStair0 at (-0.91238815, 9.23331, -568.93445) vs (-0.91238815, 9.366318, -568.93445), input True
[storytest] PASS the compass follows the leg objective (-1.3363104, 12.188818, -576.13574), clearing_loop_marker (-1.3363104, 12.188818, -576.13574)
[story]   after hand-off 0.6s: on MiniStair0 local (-0.00, -0.04, 1.26) floor True vel 1.80 move (0, 1) yaw 3 target MiniStair0 stage 2 t 107484
[story]   after hand-off 0.9s: on MiniStair0 local (-0.00, -0.00, 0.69) floor True vel 2.70 move (0, 1) yaw 3 target MiniStair0 stage 2 t 107788
[story] Act 6: the top of MiniStair0 reached t 110363
[storytest] leg 3: walk returned at t 110363 stage 3 move (0, 0) player (-1.2768806, 12.133395, -575.11676)
[storytest] PASS leg 3 (up MiniStair0): the end is reached on foot (-1.2768806, 12.133395, -575.11676) vs (-1.3363104, 12.188818, -576.13574)
[story]   after hand-off 0.0s: on MiniStair12 local (0.00, 2.50, -4.36) floor True vel 0.00 move (0, 0) yaw 78 target MiniStair12 stage 3 t 110863
[story] Act 6: the loop, leg 4 of 5 (down MiniStair12)
[story]   after hand-off 0.3s: on MiniStair12 local (0.00, 2.39, -4.36) floor True vel 0.00 move (0, 0) yaw 78 target MiniStair12 stage 3 t 111167
[storytest] PASS leg 3: the swim put them at the top of another flight, still walking MiniStair12 at (13.205572, 12.751973, -569.1685) vs (13.205572, 12.751388, -569.1685), input True
[storytest] PASS the compass follows the leg objective (5.59461, 9.588887, -570.7511), clearing_loop_marker (5.59461, 9.588887, -570.7511)
[story]   after hand-off 0.6s: on MiniStair12 local (0.00, 2.39, -4.21) floor True vel 1.80 move (0, 1) yaw 78 target MiniStair12 stage 3 t 111471
[story]   after hand-off 0.9s: on MiniStair12 local (0.00, 2.37, -3.64) floor True vel 2.70 move (0, 1) yaw 78 target MiniStair12 stage 3 t 111775
[story] Act 6: the foot of MiniStair12 reached at local (0.00, 0.50, -0.56) t 113313
[storytest] leg 4: walk returned at t 113313 stage 4 move (0, 0) player (8.183681, 10.201386, -570.21234)
[storytest] PASS leg 4 (down MiniStair12): the end is reached on foot (8.183681, 10.201386, -570.21234) vs (5.59461, 9.588887, -570.7511)
[story]   after hand-off 0.0s: on MiniStair0 local (0.00, 0.16, 1.40) floor True vel 0.00 move (0, 0) yaw 3 target MiniStair0 stage 4 t 113813
[story] Act 6: the loop, leg 5 of 5 (up MiniStair0)
[story]   after hand-off 0.3s: on MiniStair0 local (0.00, -0.05, 1.40) floor True vel 0.00 move (0, 0) yaw 3 target MiniStair0 stage 4 t 114117
[storytest] PASS leg 4: the swim put them at the foot of another flight, still walking MiniStair0 at (-0.91238815, 9.23331, -568.93445) vs (-0.91238815, 9.366318, -568.93445), input True
[storytest] PASS the compass follows the leg objective (-1.3363104, 12.188818, -576.13574), clearing_loop_marker (-1.3363104, 12.188818, -576.13574)
[story]   after hand-off 0.6s: on MiniStair0 local (-0.00, -0.04, 1.26) floor True vel 1.80 move (0, 1) yaw 3 target MiniStair0 stage 4 t 114421
[story]   after hand-off 0.9s: on MiniStair0 local (-0.00, -0.00, 0.69) floor True vel 2.70 move (0, 1) yaw 3 target MiniStair0 stage 4 t 114725
[story] Act 6: the top of MiniStair0 reached t 117296
[story] Act 6: the fall
[storytest] leg 5: walk returned at t 117298 stage 5 move (0, 0) player (-1.2768787, 12.133359, -575.1167)
[storytest] PASS leg 5 (up MiniStair0): the end is reached on foot (-1.2768787, 12.133359, -575.1167) vs (-1.3363104, 12.188818, -576.13574)
[story] flag set: act6_night_fell
[story] flag set: clearing_loop_done
[story] Act 6: woke on the trail; night, fog
[storytest] PASS the last landing ends in the fall 
[storytest] PASS the fall is the saved beat 
[storytest] PASS the voice kept calling during the loop 26 calls
[storytest] PASS thunder rolled during the loop 7 rolls
[storytest] PASS blood rained harder with every leg 
[storytest] PASS the blood stops with the fall 
[storytest] PASS the ring still stands after the fall 
[storytest] PASS it is still the same night when they wake Night
[storytest] PASS woke on the trail past the clearing, outside the ring trail 697 m vs clearing 655 m, 42 m from the centre
[storytest] PASS woke in thick fog height fog -0.160
[storytest] PASS control comes back on waking 
[storytest] PASS nothing is said on waking caption alpha 0.00
[storytest] PASS the compass points on to the lookout objective (61, 17.757242, -465), fire_lookout_marker (61, 17.757242, -465)
[storytest] Act 6: the bridge and the clearing took 114.5s
Project DS story test  2026-09-22T15:18:24
49/49 passed in 118 s  (walked 124 m, jumped 129 m)
fps while walking: avg 238, min 68

== Act 6: the bridge and the clearing
PASS  checkpoint 5 on crossing the footbridge  
PASS  the compass points at the clearing  objective (2, 0, -590), stairs_clearing_marker (2, 0, -590)
PASS  fifteen small stairs in the clearing  15
PASS  the clearing's voice  
PASS  the spotlight finds the player  
PASS  the voice is the saved beat  
PASS  the cap stays in hand (it belongs to the last staircase)  
PASS  the clearing's staircase stays broken  
PASS  after the voice the clearing waits for a choice: nothing lit  armed True, target 
PASS  the compass rests on the clearing until a flight is chosen  objective (-10, 10.545584, -588), clearing_loop_marker (-10, 10.545584, -588)
PASS  only the whole staircases carry the loop  10 loop stairs, ruined 0
PASS  the whole staircases are all much the same size  steps 17-19, scale 1.35, width 1.50
PASS  no two clearing staircases overlap  16 flights
PASS  one whole staircase stands in the trail's mouth  MiniStair0, 0.0 m off the trail
PASS  the clearing is thick with fog  height fog -0.070
PASS  no trees inside the clearing  0 trunks within 38 m
PASS  the clearing is closed  
PASS  the clearing is closed but for the way in  entrance open True, onward blocked True, side blocked True
PASS  stepping onto a staircase starts the loop  target MiniStair0, chosen MiniStair0
PASS  the light and the compass follow the chosen flight  objective (-1.3363104, 12.188818, -576.13574), clearing_loop_marker (-1.3363104, 12.188818, -576.13574)
PASS  blood begins to rain as the loop starts  
PASS  up and down legs are planned  5 legs, 3 climbs
PASS  no way back on leg 1 (up)  wall armed True, 5.2 -> 5.0 m from the leg's start
PASS  leg 1 (up MiniStair0): the end is reached on foot  (-1.3614571, 12.1492605, -575.13794) vs (-1.3363104, 12.188818, -576.13574)
PASS  leg 1: the swim put them at the top of another flight, still walking  MiniStair3 at (-23.56104, 12.778674, -592.5679) vs (-23.56104, 12.778089, -592.5679), input True
PASS  the compass follows the leg  objective (-21.064875, 9.615588, -599.92993), clearing_loop_marker (-21.064875, 9.615588, -599.92993)
PASS  leg 2 (down MiniStair3): the end is reached on foot  (-21.771227, 10.255773, -597.3294) vs (-21.064875, 9.615588, -599.92993)
PASS  leg 2: the swim put them at the foot of another flight, still walking  MiniStair0 at (-0.91238815, 9.23331, -568.93445) vs (-0.91238815, 9.366318, -568.93445), input True
PASS  the compass follows the leg  objective (-1.3363104, 12.188818, -576.13574), clearing_loop_marker (-1.3363104, 12.188818, -576.13574)
PASS  leg 3 (up MiniStair0): the end is reached on foot  (-1.2768806, 12.133395, -575.11676) vs (-1.3363104, 12.188818, -576.13574)
PASS  leg 3: the swim put them at the top of another flight, still walking  MiniStair12 at (13.205572, 12.751973, -569.1685) vs (13.205572, 12.751388, -569.1685), input True
PASS  the compass follows the leg  objective (5.59461, 9.588887, -570.7511), clearing_loop_marker (5.59461, 9.588887, -570.7511)
PASS  leg 4 (down MiniStair12): the end is reached on foot  (8.183681, 10.201386, -570.21234) vs (5.59461, 9.588887, -570.7511)
PASS  leg 4: the swim put them at the foot of another flight, still walking  MiniStair0 at (-0.91238815, 9.23331, -568.93445) vs (-0.91238815, 9.366318, -568.93445), input True
PASS  the compass follows the leg  objective (-1.3363104, 12.188818, -576.13574), clearing_loop_marker (-1.3363104, 12.188818, -576.13574)
PASS  leg 5 (up MiniStair0): the end is reached on foot  (-1.2768787, 12.133359, -575.1167) vs (-1.3363104, 12.188818, -576.13574)
PASS  the last landing ends in the fall  
PASS  the fall is the saved beat  
PASS  the voice kept calling during the loop  26 calls
PASS  thunder rolled during the loop  7 rolls
PASS  blood rained harder with every leg  
PASS  the blood stops with the fall  
PASS  the ring still stands after the fall  
PASS  it is still the same night when they wake  Night
PASS  woke on the trail past the clearing, outside the ring  trail 697 m vs clearing 655 m, 42 m from the centre
PASS  woke in thick fog  height fog -0.160
PASS  control comes back on waking  
PASS  nothing is said on waking  caption alpha 0.00
PASS  the compass points on to the lookout  objective (61, 17.757242, -465), fire_lookout_marker (61, 17.757242, -465)

ERROR: System.NullReferenceException: Object reference not set to an instance of an object.
   at ProjectDS.Systems.StoryTest._Process(Double delta) in C:\Users\Dan\GLHFDD\Godot Projects\project-ds\scripts\systems\StoryTest.cs:line 190
   at Godot.Node.InvokeGodotClassMethod(godot_string_name& method, NativeVariantPtrArgs args, godot_variant& ret) in /root/godot/modules/mono/glue/GodotSharp/GodotSharp/Generated/GodotObjects/Node.cs:line 2654
   at ProjectDS.Systems.StoryTest.InvokeGodotClassMethod(godot_string_name& method, NativeVariantPtrArgs args, godot_variant& ret) in C:\Users\Dan\GLHFDD\Godot Projects\project-ds\Godot.SourceGenerators\Godot.SourceGenerators.ScriptMethodsGenerator\ProjectDS.Systems.StoryTest_ScriptMethods.generated.cs:line 186
   at Godot.Bridge.CSharpInstanceBridge.Call(IntPtr godotObjectGCHandle, godot_string_name* method, godot_variant** args, Int32 argCount, godot_variant_call_error* refCallError, godot_variant* ret) in /root/godot/modules/mono/glue/GodotSharp/GodotSharp/Core/Bridge/CSharpInstanceBridge.cs:line 24
   at: void Godot.NativeInterop.ExceptionUtils.LogException(System.Exception) (/root/godot/modules/mono/glue/GodotSharp/GodotSharp/Core/NativeInterop/ExceptionUtils.cs:113)
   C# backtrace (most recent call first):
       [0] void Godot.GD.PushError(string) (/root/godot/modules/mono/glue/GodotSharp/GodotSharp/Core/GD.cs:366)
       [1] void Godot.NativeInterop.ExceptionUtils.LogException(System.Exception) (/root/godot/modules/mono/glue/GodotSharp/GodotSharp/Core/NativeInterop/ExceptionUtils.cs:113)
       [2] Godot.NativeInterop.godot_bool Godot.Bridge.CSharpInstanceBridge.Call(nint, Godot.NativeInterop.godot_string_name*, Godot.NativeInterop.godot_variant**, int, Godot.NativeInterop.godot_variant_call_error*, Godot.NativeInterop.godot_variant*) (/root/godot/modules/mono/glue/GodotSharp/GodotSharp/Core/Bridge/CSharpInstanceBridge.cs:24)
