Godot Engine v4.7.2.stable.mono.official.ed1daf0bf - https://godotengine.org
D3D12 12_0 - Forward+ - Using Device #0: AMD - AMD Radeon RX 6950 XT

[waterfall] at stream s 109.4 (29.0 m above the crossing), drop 2.28 m, curtain (-21.60702, 8.20504, -162.55476)
[storytest] --story-from=6: continuing into 'Act 6: the bridge and the clearing' at Act5CabinEntered with 9 flags, gear 'lantern,compass,newel_post;tool=None'
[bunker] CRT room: 127 screens
[bunker] interior built in 95 ms
[story] Act 6 layout (name, xz, yaw deg, footprint w x l):
  MiniStair0  (   9.7,  25.1) yaw    6 whole   4.2 x 19.5 m (trail)
  MiniStair1  (  -3.7,  15.3) yaw  162 whole   4.2 x 19.5 m
  MiniStair2  (  15.3,   5.1) yaw  342 ruined  3.3 x  7.1 m
  MiniStair3  ( -14.7, -12.8) yaw  161 whole   4.2 x 19.5 m
  MiniStair4  ( -13.2,   8.1) yaw  160 whole   4.2 x 19.0 m
  MiniStair5  (  20.9,  17.4) yaw  196 ruined  5.1 x 10.2 m
  MiniStair6  (  22.7,   8.1) yaw  294 whole   4.2 x 18.4 m
  MiniStair7  ( -18.5, -18.6) yaw   80 whole   4.2 x 18.4 m
  MiniStair8  (   5.8, -23.8) yaw  315 ruined  3.8 x  6.2 m
  MiniStair9  (  -7.4, -24.0) yaw   77 whole   4.2 x 18.7 m
  MiniStair10 ( -26.6,  -2.9) yaw   79 whole   4.2 x 18.4 m
  MiniStair11 (  10.4, -13.7) yaw   15 ruined  4.1 x  4.7 m
  MiniStair12 (  -6.9, -34.1) yaw   90 whole   4.2 x 19.0 m
  MiniStair13 ( -24.1,   8.8) yaw  112 whole   4.2 x 19.3 m
  MiniStair14 (  24.0,  -4.6) yaw  231 ruined  5.1 x  7.7 m
[storytest] ---- Act 6: the bridge and the clearing
[story] checkpoint reached: Act6BridgeCrossed
[story] Act 6: the clearing is closed but for the trail
[story] Act 6: the woods around the clearing turn
[story] Act 6: the bridge is crossed
[storytest] PASS checkpoint 5 on crossing the footbridge 
[storytest] PASS the compass points at the clearing objective (2, 0, -590), stairs_clearing_marker (2, 0, -590)
[storytest] PASS fifteen small stairs in the clearing 15
[story] flag set: clearing_voice_heard
[story] Act 6: the clearing has spoken
[story] Act 6: the clearing waits for a staircase to be chosen (4 climbs, 7 legs)
[storytest] PASS the clearing's voice 
[storytest] PASS the spotlight finds the player 
[storytest] PASS the voice is the saved beat 
[storytest] PASS the cap stays in hand (it belongs to the last staircase) 
[storytest] PASS the clearing's staircase stays broken 
[storytest] PASS after the voice the clearing waits for a choice: nothing lit armed True, target 
[storytest] PASS the compass rests on the clearing until a flight is chosen objective (-10, 10.545584, -588), clearing_loop_marker (-10, 10.545584, -588)
[storytest] PASS only the whole staircases carry the loop 10 loop stairs, ruined 0
[storytest] FAIL the whole staircases are all much the same size steps 46-50, scale 1.35, width 1.50
[storytest] PASS no two clearing staircases overlap 16 flights
[storytest] PASS one whole staircase stands in the trail's mouth MiniStair0, 0.0 m off the trail
[storytest] PASS the clearing is thick with fog height fog -0.070
[storytest] PASS no trees inside the clearing 0 trunks within 50 m
[storytest] PASS the clearing is closed 
[storytest] PASS the clearing is closed but for the way in entrance open True, onward blocked True, side blocked True
[story] it is raining blood
[story] Act 6: the loop starts on MiniStair1
[storytest] PASS stepping onto a staircase starts the loop target MiniStair1, chosen MiniStair1
[storytest] PASS the light and the compass follow the chosen flight objective (-18.193268, 18.083273, -558.8808), clearing_loop_marker (-18.193268, 18.083273, -558.8808)
[storytest] PASS blood begins to rain as the loop starts 
[storytest] PASS up and down legs are planned 7 legs, 4 climbs
[storytest] PASS no way back on leg 1 (up) wall armed True, 5.2 -> 5.0 m from the leg's start
[story] Act 6: the top of MiniStair1 reached t 145833
[storytest] PASS leg 1 (up MiniStair1): the end is reached on foot (-17.823612, 18.029467, -559.8313) vs (-18.193268, 18.083273, -558.8808)
[story]   after hand-off 0.0s: on MiniStair9 local (0.00, 2.08, -3.20) floor True vel 0.00 move (0, 0) yaw -103 target MiniStair9 stage 1 t 146334
[story] Act 6: the loop, leg 2 of 7 (down MiniStair9)
[story]   after hand-off 0.3s: on MiniStair9 local (0.00, 2.10, -3.19) floor True vel 0.00 move (0, 0) yaw -103 target MiniStair9 stage 1 t 146637
[storytest] PASS leg 1: the swim put them on another flight (down, 0.67 along), still walking MiniStair9 at (-21.565922, 12.966066, -612.9268) vs (-21.585127, 12.7566395, -612.93115), input True
[storytest] PASS the compass follows the leg objective (-15.524002, 10.199379, -611.5652), clearing_loop_marker (-15.524002, 10.199379, -611.5652)
[story]   after hand-off 0.6s: on MiniStair9 local (0.00, 2.01, -3.04) floor True vel 1.80 move (0, 1) yaw -103 target MiniStair9 stage 1 t 146937
[story]   after hand-off 0.9s: on MiniStair9 local (0.00, 1.66, -2.47) floor True vel 2.70 move (0, 1) yaw -103 target MiniStair9 stage 1 t 147242
[story] Act 6: the foot of MiniStair9 reached at local (0.00, 0.50, -0.56) t 148199
[storytest] PASS leg 2 (down MiniStair9): the end is reached on foot (-17.131311, 10.505897, -611.9276) vs (-15.524002, 10.199379, -611.5652)
[story]   after hand-off 0.0s: on MiniStair3 local (-0.00, 3.78, -6.01) floor True vel 0.00 move (0, 0) yaw 161 target MiniStair3 stage 2 t 148700
[story] Act 6: the loop, leg 3 of 7 (up MiniStair3)
[story]   after hand-off 0.3s: on MiniStair3 local (0.00, 3.80, -5.99) floor True vel 0.00 move (0, 0) yaw 161 target MiniStair3 stage 2 t 149004
[storytest] PASS leg 2: the swim put them on another flight (up, 0.58 along), still walking MiniStair3 at (-27.289434, 14.816614, -593.10077) vs (-27.295757, 14.607185, -593.0821), input True
[storytest] PASS the compass follows the leg objective (-29.367826, 18.182796, -586.9708), clearing_loop_marker (-29.367826, 18.182796, -586.9708)
[story]   after hand-off 0.6s: on MiniStair3 local (0.00, 3.87, -6.10) floor True vel 1.80 move (0, 1) yaw 161 target MiniStair3 stage 2 t 149308
[story]   after hand-off 0.9s: on MiniStair3 local (0.00, 4.12, -6.52) floor True vel 2.70 move (0, 1) yaw 161 target MiniStair3 stage 2 t 149612
[story] Act 6: the top of MiniStair3 reached t 152037
[storytest] PASS leg 3 (up MiniStair3): the end is reached on foot (-29.046925, 18.139757, -587.9184) vs (-29.367826, 18.182796, -586.9708)
[story]   after hand-off 0.0s: on MiniStair10 local (-0.00, 2.09, -3.22) floor True vel 0.00 move (0, 0) yaw -101 target MiniStair10 stage 3 t 152537
[story] Act 6: the loop, leg 4 of 7 (down MiniStair10)
[story]   after hand-off 0.3s: on MiniStair10 local (-0.00, 2.11, -3.21) floor True vel 0.00 move (0, 0) yaw -101 target MiniStair10 stage 3 t 152841
[storytest] PASS leg 3: the swim put them on another flight (down, 0.66 along), still walking MiniStair10 at (-40.836166, 15.86712, -591.69275) vs (-40.855515, 15.657697, -591.6964), input True
[storytest] PASS the compass follows the leg objective (-34.72199, 13.083664, -590.5445), clearing_loop_marker (-34.72199, 13.083664, -590.5445)
[story]   after hand-off 0.6s: on MiniStair10 local (0.00, 2.02, -3.06) floor True vel 1.80 move (0, 1) yaw -101 target MiniStair10 stage 3 t 153145
[story]   after hand-off 0.9s: on MiniStair10 local (0.00, 1.67, -2.49) floor True vel 2.70 move (0, 1) yaw -101 target MiniStair10 stage 3 t 153449
[story] Act 6: the foot of MiniStair10 reached at local (0.00, 0.51, -0.58) t 154403
[storytest] PASS leg 4 (down MiniStair10): the end is reached on foot (-37.343838, 13.710283, -591.0374) vs (-34.72199, 13.083664, -590.5445)
[story]   after hand-off 0.0s: on MiniStair3 local (0.00, 1.65, -2.50) floor True vel 0.00 move (0, 0) yaw 161 target MiniStair3 stage 4 t 154904
[story] Act 6: the loop, leg 5 of 7 (up MiniStair3)
[story]   after hand-off 0.3s: on MiniStair3 local (0.00, 1.68, -2.49) floor True vel 0.00 move (0, 0) yaw 161 target MiniStair3 stage 4 t 155208
[storytest] PASS leg 4: the swim put them on another flight (up, 0.24 along), still walking MiniStair3 at (-25.770262, 11.944103, -597.5814) vs (-25.776577, 11.734705, -597.56274), input True
[storytest] PASS the compass follows the leg objective (-29.367826, 18.182796, -586.9708), clearing_loop_marker (-29.367826, 18.182796, -586.9708)
[story]   after hand-off 0.6s: on MiniStair3 local (0.00, 1.74, -2.59) floor True vel 1.80 move (0, 1) yaw 161 target MiniStair3 stage 4 t 155512
[story]   after hand-off 0.9s: on MiniStair3 local (0.00, 2.06, -3.12) floor True vel 4.50 move (0, 1) yaw 161 target MiniStair3 stage 4 t 155816
[story] Act 6: the top of MiniStair3 reached t 159833
[storytest] PASS leg 5 (up MiniStair3): the end is reached on foot (-29.045704, 18.137661, -587.92163) vs (-29.367826, 18.182796, -586.9708)
[story]   after hand-off 0.0s: on MiniStair12 local (0.00, 6.16, -10.37) floor True vel 0.00 move (0, 0) yaw -90 target MiniStair12 stage 5 t 160334
[story] Act 6: the loop, leg 6 of 7 (down MiniStair12)
[story]   after hand-off 0.3s: on MiniStair12 local (0.00, 6.04, -10.37) floor True vel 0.00 move (0, 0) yaw -90 target MiniStair12 stage 5 t 160637
[storytest] PASS leg 5: the swim put them on another flight (down, 0.00 along), still walking MiniStair12 at (-30.947727, 21.110506, -622.1878) vs (-30.947727, 21.10992, -622.1878), input True
[storytest] PASS the compass follows the leg objective (-15.054068, 13.017421, -622.13434), clearing_loop_marker (-15.054068, 13.017421, -622.13434)
[story]   after hand-off 0.6s: on MiniStair12 local (0.00, 6.04, -10.23) floor True vel 1.80 move (0, 1) yaw -90 target MiniStair12 stage 5 t 160941
[story]   after hand-off 0.9s: on MiniStair12 local (0.00, 5.94, -9.51) floor True vel 4.50 move (0, 1) yaw -90 target MiniStair12 stage 5 t 161245
[story] Act 6: the foot of MiniStair12 reached at local (0.00, 0.51, -0.58) t 164332
[storytest] PASS leg 6 (down MiniStair12): the end is reached on foot (-17.723246, 13.644146, -622.1433) vs (-15.054068, 13.017421, -622.13434)
[story]   after hand-off 0.0s: on MiniStair10 local (-0.00, 0.16, 1.40) floor True vel 0.00 move (0, 0) yaw 79 target MiniStair10 stage 6 t 164833
[story] Act 6: the loop, leg 7 of 7 (up MiniStair10)
[story]   after hand-off 0.3s: on MiniStair10 local (-0.00, -0.29, 1.40) floor True vel 0.00 move (0, 0) yaw 79 target MiniStair10 stage 6 t 165137
[storytest] PASS leg 6: the swim put them on another flight (up, 0.00 along), still walking MiniStair10 at (-34.72199, 12.62164, -590.5445) vs (-34.72199, 13.083664, -590.5445), input True
[storytest] PASS the compass follows the leg objective (-49.792267, 20.836164, -593.3748), clearing_loop_marker (-49.792267, 20.836164, -593.3748)
[story]   after hand-off 0.6s: on MiniStair10 local (-0.00, -0.24, 1.28) floor True vel 1.80 move (0, 1) yaw 79 target MiniStair10 stage 6 t 165441
[story]   after hand-off 0.9s: on MiniStair10 local (-0.00, 0.02, 0.67) floor True vel 4.50 move (0, 1) yaw 79 target MiniStair10 stage 6 t 165745
[story] Act 6: the top of MiniStair10 reached t 170716
[story] Act 6: the fall
[storytest] PASS leg 7 (up MiniStair10): the end is reached on foot (-48.80321, 20.789438, -593.1891) vs (-49.792267, 20.836164, -593.3748)
[story] flag set: act6_night_fell
[story] flag set: clearing_loop_done
[story] Act 6: woke on the trail; night, fog
[storytest] PASS the last landing ends in the fall 
[storytest] PASS the fall is the saved beat 
[storytest] PASS the voice kept calling during the loop 43 calls
[storytest] PASS thunder rolled during the loop 12 rolls
[storytest] PASS blood rained harder with every leg 
[storytest] PASS at least one hand-off landed part way along a flight landed at 0.67, 0.58, 0.66, 0.24, 0.00, 0.00
[storytest] PASS the loop flights are long 46-50 steps
[storytest] PASS the blood stops with the fall 
[storytest] PASS the ring still stands after the fall 
[storytest] PASS it is still the same night when they wake Night
[storytest] FAIL woke on the trail past the clearing, outside the ring trail 709 m vs clearing 655 m, 49 m from the centre
[storytest] PASS woke in thick fog height fog -0.160
[storytest] PASS control comes back on waking 
[storytest] PASS nothing is said on waking caption alpha 0.00
[storytest] PASS the compass points on to the lookout objective (61, 17.757242, -465), fire_lookout_marker (61, 17.757242, -465)
[storytest] Act 6: the bridge and the clearing took 167.6s
Project DS story test  2026-09-22T15:28:15
55/57 passed in 171 s  (walked 236 m, jumped 139 m)
fps while walking: avg 238, min 16

== Act 6: the bridge and the clearing
PASS  checkpoint 5 on crossing the footbridge  
PASS  the compass points at the clearing  objective (2, 0, -590), stairs_clearing_marker (2, 0, -590)
PASS  fifteen small stairs in the clearing  15
PASS  the clearing's voice  
PASS  the spotlight finds the player  
PASS  the voice is the saved beat  
PASS  the cap stays in hand (it belongs to the last staircase)  
PASS  the clearing's staircase stays broken  
PASS  after the voice the clearing waits for a choice: nothing lit  armed True, target 
PASS  the compass rests on the clearing until a flight is chosen  objective (-10, 10.545584, -588), clearing_loop_marker (-10, 10.545584, -588)
PASS  only the whole staircases carry the loop  10 loop stairs, ruined 0
FAIL  the whole staircases are all much the same size  steps 46-50, scale 1.35, width 1.50
PASS  no two clearing staircases overlap  16 flights
PASS  one whole staircase stands in the trail's mouth  MiniStair0, 0.0 m off the trail
PASS  the clearing is thick with fog  height fog -0.070
PASS  no trees inside the clearing  0 trunks within 50 m
PASS  the clearing is closed  
PASS  the clearing is closed but for the way in  entrance open True, onward blocked True, side blocked True
PASS  stepping onto a staircase starts the loop  target MiniStair1, chosen MiniStair1
PASS  the light and the compass follow the chosen flight  objective (-18.193268, 18.083273, -558.8808), clearing_loop_marker (-18.193268, 18.083273, -558.8808)
PASS  blood begins to rain as the loop starts  
PASS  up and down legs are planned  7 legs, 4 climbs
PASS  no way back on leg 1 (up)  wall armed True, 5.2 -> 5.0 m from the leg's start
PASS  leg 1 (up MiniStair1): the end is reached on foot  (-17.823612, 18.029467, -559.8313) vs (-18.193268, 18.083273, -558.8808)
PASS  leg 1: the swim put them on another flight (down, 0.67 along), still walking  MiniStair9 at (-21.565922, 12.966066, -612.9268) vs (-21.585127, 12.7566395, -612.93115), input True
PASS  the compass follows the leg  objective (-15.524002, 10.199379, -611.5652), clearing_loop_marker (-15.524002, 10.199379, -611.5652)
PASS  leg 2 (down MiniStair9): the end is reached on foot  (-17.131311, 10.505897, -611.9276) vs (-15.524002, 10.199379, -611.5652)
PASS  leg 2: the swim put them on another flight (up, 0.58 along), still walking  MiniStair3 at (-27.289434, 14.816614, -593.10077) vs (-27.295757, 14.607185, -593.0821), input True
PASS  the compass follows the leg  objective (-29.367826, 18.182796, -586.9708), clearing_loop_marker (-29.367826, 18.182796, -586.9708)
PASS  leg 3 (up MiniStair3): the end is reached on foot  (-29.046925, 18.139757, -587.9184) vs (-29.367826, 18.182796, -586.9708)
PASS  leg 3: the swim put them on another flight (down, 0.66 along), still walking  MiniStair10 at (-40.836166, 15.86712, -591.69275) vs (-40.855515, 15.657697, -591.6964), input True
PASS  the compass follows the leg  objective (-34.72199, 13.083664, -590.5445), clearing_loop_marker (-34.72199, 13.083664, -590.5445)
PASS  leg 4 (down MiniStair10): the end is reached on foot  (-37.343838, 13.710283, -591.0374) vs (-34.72199, 13.083664, -590.5445)
PASS  leg 4: the swim put them on another flight (up, 0.24 along), still walking  MiniStair3 at (-25.770262, 11.944103, -597.5814) vs (-25.776577, 11.734705, -597.56274), input True
PASS  the compass follows the leg  objective (-29.367826, 18.182796, -586.9708), clearing_loop_marker (-29.367826, 18.182796, -586.9708)
PASS  leg 5 (up MiniStair3): the end is reached on foot  (-29.045704, 18.137661, -587.92163) vs (-29.367826, 18.182796, -586.9708)
PASS  leg 5: the swim put them on another flight (down, 0.00 along), still walking  MiniStair12 at (-30.947727, 21.110506, -622.1878) vs (-30.947727, 21.10992, -622.1878), input True
PASS  the compass follows the leg  objective (-15.054068, 13.017421, -622.13434), clearing_loop_marker (-15.054068, 13.017421, -622.13434)
PASS  leg 6 (down MiniStair12): the end is reached on foot  (-17.723246, 13.644146, -622.1433) vs (-15.054068, 13.017421, -622.13434)
PASS  leg 6: the swim put them on another flight (up, 0.00 along), still walking  MiniStair10 at (-34.72199, 12.62164, -590.5445) vs (-34.72199, 13.083664, -590.5445), input True
PASS  the compass follows the leg  objective (-49.792267, 20.836164, -593.3748), clearing_loop_marker (-49.792267, 20.836164, -593.3748)
PASS  leg 7 (up MiniStair10): the end is reached on foot  (-48.80321, 20.789438, -593.1891) vs (-49.792267, 20.836164, -593.3748)
PASS  the last landing ends in the fall  
PASS  the fall is the saved beat  
PASS  the voice kept calling during the loop  43 calls
PASS  thunder rolled during the loop  12 rolls
PASS  blood rained harder with every leg  
PASS  at least one hand-off landed part way along a flight  landed at 0.67, 0.58, 0.66, 0.24, 0.00, 0.00
PASS  the loop flights are long  46-50 steps
PASS  the blood stops with the fall  
PASS  the ring still stands after the fall  
PASS  it is still the same night when they wake  Night
FAIL  woke on the trail past the clearing, outside the ring  trail 709 m vs clearing 655 m, 49 m from the centre
PASS  woke in thick fog  height fog -0.160
PASS  control comes back on waking  
PASS  nothing is said on waking  caption alpha 0.00
PASS  the compass points on to the lookout  objective (61, 17.757242, -465), fire_lookout_marker (61, 17.757242, -465)

ERROR: System.NullReferenceException: Object reference not set to an instance of an object.
   at ProjectDS.Systems.StoryTest._Process(Double delta) in C:\Users\Dan\GLHFDD\Godot Projects\project-ds\scripts\systems\StoryTest.cs:line 190
   at Godot.Node.InvokeGodotClassMethod(godot_string_name& method, NativeVariantPtrArgs args, godot_variant& ret) in /root/godot/modules/mono/glue/GodotSharp/GodotSharp/Generated/GodotObjects/Node.cs:line 2654
   at ProjectDS.Systems.StoryTest.InvokeGodotClassMethod(godot_string_name& method, NativeVariantPtrArgs args, godot_variant& ret) in C:\Users\Dan\GLHFDD\Godot Projects\project-ds\Godot.SourceGenerators\Godot.SourceGenerators.ScriptMethodsGenerator\ProjectDS.Systems.StoryTest_ScriptMethods.generated.cs:line 186
   at Godot.Bridge.CSharpInstanceBridge.Call(IntPtr godotObjectGCHandle, godot_string_name* method, godot_variant** args, Int32 argCount, godot_variant_call_error* refCallError, godot_variant* ret) in /root/godot/modules/mono/glue/GodotSharp/GodotSharp/Core/Bridge/CSharpInstanceBridge.cs:line 24
   at: void Godot.NativeInterop.ExceptionUtils.LogException(System.Exception) (/root/godot/modules/mono/glue/GodotSharp/GodotSharp/Core/NativeInterop/ExceptionUtils.cs:113)
   C# backtrace (most recent call first):
       [0] void Godot.GD.PushError(string) (/root/godot/modules/mono/glue/GodotSharp/GodotSharp/Core/GD.cs:366)
       [1] void Godot.NativeInterop.ExceptionUtils.LogException(System.Exception) (/root/godot/modules/mono/glue/GodotSharp/GodotSharp/Core/NativeInterop/ExceptionUtils.cs:113)
       [2] Godot.NativeInterop.godot_bool Godot.Bridge.CSharpInstanceBridge.Call(nint, Godot.NativeInterop.godot_string_name*, Godot.NativeInterop.godot_variant**, int, Godot.NativeInterop.godot_variant_call_error*, Godot.NativeInterop.godot_variant*) (/root/godot/modules/mono/glue/GodotSharp/GodotSharp/Core/Bridge/CSharpInstanceBridge.cs:24)
