Godot Engine v4.7.2.stable.mono.official.ed1daf0bf - https://godotengine.org
D3D12 12_0 - Forward+ - Using Device #0: AMD - AMD Radeon RX 6950 XT

[waterfall] at stream s 109.4 (29.0 m above the crossing), drop 2.28 m, curtain (-21.60702, 8.20504, -162.55476)
[storytest] --story-from=6: continuing into 'Act 6: the bridge and the clearing' at Act5CabinEntered with 9 flags, gear 'lantern,compass,newel_post;tool=None'
[bunker] CRT room: 127 screens
[bunker] interior built in 95 ms
[story] Act 6 layout (name, xz, yaw deg, footprint w x l):
  MiniStair0  (   9.0,  17.2) yaw    3 whole   4.2 x 10.3 m (trail)
  MiniStair1  (  -2.8,  11.4) yaw  162 whole   4.2 x 10.9 m
  MiniStair2  (  14.6,   5.1) yaw  224 ruined  3.3 x  7.1 m
  MiniStair3  ( -11.7, -10.1) yaw  161 whole   4.2 x 10.9 m
  MiniStair4  (  -9.8,   6.0) yaw  160 whole   4.2 x 10.9 m
  MiniStair5  (  -7.2, -19.1) yaw   19 ruined  5.1 x 10.2 m
  MiniStair6  (  18.0,   1.7) yaw  324 whole   4.2 x 10.9 m
  MiniStair7  ( -19.3,   5.9) yaw   47 whole   4.2 x 10.3 m
  MiniStair8  ( -22.1,  12.3) yaw  147 ruined  3.9 x  7.0 m
  MiniStair9  (   4.7, -24.2) yaw  265 whole   4.2 x 10.6 m
  MiniStair10 ( -20.4,  -8.8) yaw  327 whole   4.2 x 10.9 m
  MiniStair11 (   1.6,  24.7) yaw  148 ruined  4.4 x  9.5 m
  MiniStair12 (  17.4,  17.6) yaw  258 whole   4.2 x 10.9 m
  MiniStair13 ( -24.4, -17.4) yaw  161 whole   4.2 x 10.9 m
  MiniStair14 (   0.5,  17.5) yaw  252 ruined  4.3 x  4.7 m
[storytest] ---- Act 6: the bridge and the clearing
[story] checkpoint reached: Act6BridgeCrossed
[story] Act 6: the clearing is closed but for the trail
[story] Act 6: the woods around the clearing turn
[story] Act 6: the bridge is crossed
[storytest] PASS checkpoint 5 on crossing the footbridge 
[storytest] PASS the compass points at the clearing objective (2, 0, -590), stairs_clearing_marker (2, 0, -590)
[storytest] PASS fifteen small stairs in the clearing 15
[story] flag set: clearing_voice_heard
[story] Act 6: the clearing has spoken
[story] Act 6: the clearing waits for a staircase to be chosen (4 climbs, 7 legs)
[storytest] PASS the clearing's voice 
[storytest] PASS the spotlight finds the player 
[storytest] PASS the voice is the saved beat 
[storytest] PASS the cap stays in hand (it belongs to the last staircase) 
[storytest] PASS the clearing's staircase stays broken 
[storytest] PASS after the voice the clearing waits for a choice: nothing lit armed True, target 
[storytest] PASS the compass rests on the clearing until a flight is chosen objective (-10, 10.545584, -588), clearing_loop_marker (-10, 10.545584, -588)
[storytest] PASS only the whole staircases carry the loop 10 loop stairs, ruined 0
[storytest] PASS the whole staircases are all much the same size steps 17-19, scale 1.35, width 1.50
[storytest] PASS no two clearing staircases overlap 16 flights
[storytest] PASS one whole staircase stands in the trail's mouth MiniStair0, 0.0 m off the trail
[storytest] PASS the clearing is thick with fog height fog -0.070
[storytest] PASS the clearing is closed 
[storytest] FAIL the clearing is closed but for the way in entrance open True, onward blocked False, side blocked False
[story] it is raining blood
[story] Act 6: the loop starts on MiniStair0
[storytest] PASS stepping onto a staircase starts the loop target MiniStair0, chosen MiniStair0
[storytest] PASS the light and the compass follow the chosen flight objective (-1.3363104, 12.188818, -576.13574), clearing_loop_marker (-1.3363104, 12.188818, -576.13574)
[storytest] PASS blood begins to rain as the loop starts 
[storytest] PASS up and down legs are planned 7 legs, 4 climbs
[story] Act 6: the loop, leg 2 of 7 (down MiniStair1)
[story] Act 6: the loop, leg 3 of 7 (up MiniStair0)
[storytest] PASS no way back on leg 1 (up) wall armed True, 3.2 -> 3.0 m from the leg's start
[storytest] PASS leg 1 (up MiniStair0): the end is reached on foot (-1.7819917, 10.153458, -571.82056) vs (-1.3363104, 12.188818, -576.13574)
[storytest] FAIL leg 1: the swim put them at the foot of another flight, still walking MiniStair0 at (-1.7819917, 10.153458, -571.82056) vs (-0.91238815, 9.366318, -568.93445), input True
[storytest] PASS the compass follows the leg objective (-1.3363104, 12.188818, -576.13574), clearing_loop_marker (-1.3363104, 12.188818, -576.13574)
[story] Act 6: the loop, leg 4 of 7 (down MiniStair10)
[story] Act 6: the loop, leg 5 of 7 (up MiniStair7)
[storytest] FAIL no way back on leg 2 (up) wall armed False, 41.3 -> 0.5 m from the leg's start
[storytest] PASS leg 2 (up MiniStair0): the end is reached on foot (-1.2518352, 9.265035, -569.27484) vs (-1.3363104, 12.188818, -576.13574)
[storytest] FAIL leg 2: the swim put them at the foot of another flight, still walking MiniStair7 at (-1.2518352, 9.265035, -569.27484) vs (-27.871868, 9.893265, -580.8118), input True
[storytest] PASS the compass follows the leg objective (-33.156395, 12.715765, -585.7222), clearing_loop_marker (-33.156395, 12.715765, -585.7222)
[storytest] FAIL leg 3 (up MiniStair7): the end is reached on foot (-30.439407, 10.305413, -585.4882) vs (-33.156395, 12.715765, -585.7222)
[story] Act 6: the loop, leg 6 of 7 (down MiniStair4)
[storytest] FAIL leg 3: the swim put them at the top of another flight, still walking MiniStair4 at (-21.55262, 11.737183, -579.1144) vs (-21.77302, 12.755516, -576.4154), input True
[storytest] PASS the compass follows the leg objective (-19.165047, 9.593016, -583.73865), clearing_loop_marker (-19.165047, 9.593016, -583.73865)
[storytest] PASS leg 4 (down MiniStair4): the end is reached on foot (-20.428574, 10.221128, -581.35364) vs (-19.165047, 9.593016, -583.73865)
[story] Act 6: the loop, leg 7 of 7 (up MiniStair1)
[storytest] PASS leg 4: the swim put them at the foot of another flight, still walking MiniStair1 at (-12.209394, 9.559118, -578.43134) vs (-12.209394, 9.577209, -578.43134), input True
[storytest] PASS the compass follows the leg objective (-14.586502, 12.73971, -571.0299), clearing_loop_marker (-14.586502, 12.73971, -571.0299)
[story] Act 6: the fall
[storytest] PASS leg 5 (up MiniStair1): the end is reached on foot (-14.28177, 12.698723, -571.9793) vs (-14.586502, 12.73971, -571.0299)
[storytest] FAIL leg 5: the swim put them at the foot of another flight, still walking MiniStair1 at (-15.339884, 10.881026, -568.6842) vs (-12.209394, 9.577209, -578.43134), input False
[storytest] PASS the compass follows the leg objective (-14.586502, 12.73971, -571.0299), clearing_loop_marker (-14.586502, 12.73971, -571.0299)
[story] flag set: act6_night_fell
[story] flag set: clearing_loop_done
[story] Act 6: woke on the trail; night, fog
[storytest] FAIL leg 6 (up MiniStair1): the end is reached on foot (-16.542894, 10.336236, -570.9116) vs (-14.586502, 12.73971, -571.0299)
[storytest] PASS the last landing ends in the fall 
[storytest] PASS the fall is the saved beat 
[storytest] PASS the voice kept calling during the loop 60 calls
[storytest] PASS thunder rolled during the loop 44 rolls
[storytest] PASS blood rained harder with every leg 
[storytest] PASS the blood stops with the fall 
[storytest] PASS the ring still stands after the fall 
[storytest] FAIL it is still the same night when they wake Menacing
[storytest] FAIL woke on the trail past the clearing, outside the ring trail 635 m vs clearing 655 m, 18 m from the centre
[storytest] FAIL woke in thick fog height fog -0.048
[storytest] PASS control comes back on waking 
[storytest] PASS nothing is said on waking caption alpha 0.00
[storytest] PASS the compass points on to the lookout objective (61, 17.757242, -465), fire_lookout_marker (61, 17.757242, -465)
[storytest] Act 6: the bridge and the clearing took 376.0s
[storytest] ---- Act 7: the lookout
[story] Act 7: the cabin catches
[story] checkpoint reached: Act7CabinBurning
[story] Act 7: the cabin is burning
[story] Act 7: the giant crosses beyond the burning cabin
[storytest] PASS checkpoint 6 at the lookout 
[storytest] PASS the cabin is burning 1
[storytest] PASS the giant crosses beyond the burning cabin 
[storytest] PASS it walks on the far side of the cabin giant 159 m, cabin 82 m from the lookout
[storytest] PASS only its neck and head clear the trees size 22
[storytest] PASS its feet are on the ground feet -1.2 m off the terrain (body 22)
[storytest] PASS it strides (the gait is running) phase 4.74
[storytest] PASS it is a shadow in the murk haze 0.75
[storytest] PASS the player keeps control while it passes 
[story] Act 7: the giant is gone (7 footfalls)
[story] flag set: giant_event_done
[storytest] PASS the giant is gone and the sighting is saved 
[storytest] PASS the compass points at the bunker objective (166, 12.402138, -566), bunker_marker (166, 12.402138, -566)
[storytest] Act 7: the lookout took 22.1s
[storytest] ---- Acts 8-10: the bunker
[story] flag set: line_bunker_dial
[storytest] PASS the hatch stays locked until the code is dialled 
[storytest] PASS the station's survey lot stands round the bunker 4
[storytest] PASS the lantern is in hand for the lot 
[storytest] PASS stake 3-1 is unreadable in the plain glow glow 0.00
[storytest] PASS stake 3-1 reads under the gathered beam glow 0.60
[storytest] PASS stake 3-2 is unreadable in the plain glow glow 0.00
[storytest] PASS stake 3-2 reads under the gathered beam glow 0.60
[storytest] PASS stake 3-3 is unreadable in the plain glow glow 0.00
[storytest] PASS stake 3-3 reads under the gathered beam glow 0.60
[storytest] PASS stake 3-4 is unreadable in the plain glow glow 0.00
[storytest] PASS stake 3-4 reads under the gathered beam glow 0.60
[storytest] PASS the four stakes spell the door's code read 4729, code 4729
[storytest] dial: focused '@MeshInstance3D@493' prompt 'Try the dial'
[storytest] PASS E on the dial holds it up 
[storytest] PASS a wrong code keeps the hatch shut 
[story] flag set: bunker_unlocked
[story] the bunker door stands open
[storytest] PASS the stakes' code opens the bunker door 
[storytest] PASS the code is saved (the door stays open on Continue) 
[storytest] PASS the dial is put down and control is back 
[story] checkpoint reached: Act8BunkerEntered
[story] Act 8: into the bunker
[storytest] PASS checkpoint 7 inside the bunker 
[storytest] PASS carried into the interior 
[storytest] PASS indoors (forest audio off) 
[storytest] PASS the forest stalker stays outside Dormant
[story] flag set: bunker_jumpscare_done
[story] Act 8: it is in the hallway
[storytest] PASS walked the hallway 
[storytest] PASS the lights have gone red 
[storytest] PASS the stalker stepped out in the flickering hallway 
[storytest] PASS the vine door opens 
[storytest] PASS the screens go dark 
[story] flag set: crt_puzzle_done
[story] Act 9: the screens show the stairs
[storytest] PASS the screens come back showing the stairs 
[storytest] PASS the compass points at the dead walkie-talkie on the console objective (1500.3, -79.047005, -3106.35), walkie_marker (1500.3, -79.047005, -3106.35)
[storytest] PASS the walkie-talkie lies dead on the console 
[storytest] use WalkiePickup: focused 'WalkiePickup' prompt 'Pick up the walkie-talkie'
[story] flag set: walkie_taken
[story] Act 9: the walkie-talkie, dead, off the console
[storytest] PASS the radio is in hand, and silent 
[storytest] PASS the compass points at the way out objective (1500, -79, -3001), bunker_entrance_marker (1500, -79, -3001)
[story] flag set: bunker_maze_entered
[storytest] PASS the hallway is gone: a room with three doors 
[storytest] PASS the room has three doors 3
[storytest] PASS the compass points at the door ahead while the rooms repeat objective (1800, -79, -3006.6), bunker_entrance_marker (1800, -79, -3006.6)
[story] Act 10: the hallway is gone; a room with three doors
[storytest] use Open: focused 'DoorLeaf0' prompt 'Open the door'
[storytest] use Open: focused 'DoorLeaf1' prompt 'Open the door'
[story] flag set: bunker_rooms_scared
[story] Act 10: it is in the room (room 2)
[storytest] FAIL it hangs in the room room 2 of a random 2
[storytest] PASS the rooms repeat until it shows itself opened 2
[storytest] PASS the room went black, only its eyes 
[storytest] PASS RUN! went up 
[storytest] PASS the doors ahead are dead 
[storytest] PASS shoved out into the hall and the door shut behind (0, 0, 3.1999512)
[storytest] PASS the compass points back at the round door objective (1800, -79, -3006.6), bunker_entrance_marker (1800, -79, -3006.6)
[story] Act 10: they looked back; nothing there
[storytest] PASS nothing there when they look back 
[story] flag set: bunker_rooms_flashed
[story] Act 10: it is in front of them
[storytest] PASS it flashes in front when they look forward again 
[storytest] PASS and is gone again 
[story] Act 10: out through the round door
[story] flag set: bunker_maze_exited
[story] checkpoint reached: Act10WalkieFound
[story] Act 10: out of the bunker; the radio wakes
[storytest] PASS the run ends at the round door 
[storytest] PASS its clicking rose as they ran 0.12 -> 0.99
[storytest] PASS checkpoint 8: the walkie-talkie wakes outside 
[storytest] PASS carried out of the bunker 
[storytest] PASS the radio is in the saved inventory lantern,compass,newel_post,radio;tools=
[storytest] Acts 8-10: the bunker took 82.4s
[storytest] ---- Act 11: the last climb
[story] flag set: act11_dialogue_done
[story] Act 11: the radio speaks
[storytest] PASS the radio exchange plays 
[storytest] PASS the compass points at the last staircase objective (110, 0, -662), final_stairs_marker (110, 0, -662)
[storytest] PASS the last staircase exists, tall True
[storytest] PASS the last staircase is still broken 
[storytest] PASS the cap is still in hand at the last staircase 
[storytest] PASS the top landing exists 
[storytest] PASS walked up the tall flight to the top landing progress 0.99 at (110.00583, 47.41315, -722.754)
[storytest] PASS the hum rose with the climb progress 0.99
[storytest] PASS the last staircase called once or twice on the way up 2 calls
[storytest] PASS still in control at the top 
[storytest] PASS the broken post's E-point waits on the landing 
[storytest] use CapSeat: focused 'Stairs' prompt 'Put the cap back'
[storytest] PASS the cap leaves the player's hands 
[storytest] PASS the cap seats on the last staircase's post 
[story] Act 11: the cap is back on the post
[story] Act 11: looking up at it (pitch 47 deg)
[story] Act 11: passed out looking it in the eyes
[story] flag set: newel_seated
[story] checkpoint reached: Act11GiantEncounter
[storytest] PASS checkpoint 9: the giant's touch 
[storytest] PASS the seated cap is saved with it 
[storytest] PASS the ending is running 
[storytest] PASS they looked up into its eyes 
[storytest] PASS trembling, then passed out looking at it 
[storytest] PASS the screen is black for the credits 
[storytest] PASS control never comes back 
[storytest] Act 11: the last climb took 46.0s
Project DS story test  2026-09-22T14:55:53
120/132 passed in 530 s  (walked 831 m, jumped 543 m)
fps while walking: avg 239, min 70

== Act 6: the bridge and the clearing
PASS  checkpoint 5 on crossing the footbridge  
PASS  the compass points at the clearing  objective (2, 0, -590), stairs_clearing_marker (2, 0, -590)
PASS  fifteen small stairs in the clearing  15
PASS  the clearing's voice  
PASS  the spotlight finds the player  
PASS  the voice is the saved beat  
PASS  the cap stays in hand (it belongs to the last staircase)  
PASS  the clearing's staircase stays broken  
PASS  after the voice the clearing waits for a choice: nothing lit  armed True, target 
PASS  the compass rests on the clearing until a flight is chosen  objective (-10, 10.545584, -588), clearing_loop_marker (-10, 10.545584, -588)
PASS  only the whole staircases carry the loop  10 loop stairs, ruined 0
PASS  the whole staircases are all much the same size  steps 17-19, scale 1.35, width 1.50
PASS  no two clearing staircases overlap  16 flights
PASS  one whole staircase stands in the trail's mouth  MiniStair0, 0.0 m off the trail
PASS  the clearing is thick with fog  height fog -0.070
PASS  the clearing is closed  
FAIL  the clearing is closed but for the way in  entrance open True, onward blocked False, side blocked False
PASS  stepping onto a staircase starts the loop  target MiniStair0, chosen MiniStair0
PASS  the light and the compass follow the chosen flight  objective (-1.3363104, 12.188818, -576.13574), clearing_loop_marker (-1.3363104, 12.188818, -576.13574)
PASS  blood begins to rain as the loop starts  
PASS  up and down legs are planned  7 legs, 4 climbs
PASS  no way back on leg 1 (up)  wall armed True, 3.2 -> 3.0 m from the leg's start
PASS  leg 1 (up MiniStair0): the end is reached on foot  (-1.7819917, 10.153458, -571.82056) vs (-1.3363104, 12.188818, -576.13574)
FAIL  leg 1: the swim put them at the foot of another flight, still walking  MiniStair0 at (-1.7819917, 10.153458, -571.82056) vs (-0.91238815, 9.366318, -568.93445), input True
PASS  the compass follows the leg  objective (-1.3363104, 12.188818, -576.13574), clearing_loop_marker (-1.3363104, 12.188818, -576.13574)
FAIL  no way back on leg 2 (up)  wall armed False, 41.3 -> 0.5 m from the leg's start
PASS  leg 2 (up MiniStair0): the end is reached on foot  (-1.2518352, 9.265035, -569.27484) vs (-1.3363104, 12.188818, -576.13574)
FAIL  leg 2: the swim put them at the foot of another flight, still walking  MiniStair7 at (-1.2518352, 9.265035, -569.27484) vs (-27.871868, 9.893265, -580.8118), input True
PASS  the compass follows the leg  objective (-33.156395, 12.715765, -585.7222), clearing_loop_marker (-33.156395, 12.715765, -585.7222)
FAIL  leg 3 (up MiniStair7): the end is reached on foot  (-30.439407, 10.305413, -585.4882) vs (-33.156395, 12.715765, -585.7222)
FAIL  leg 3: the swim put them at the top of another flight, still walking  MiniStair4 at (-21.55262, 11.737183, -579.1144) vs (-21.77302, 12.755516, -576.4154), input True
PASS  the compass follows the leg  objective (-19.165047, 9.593016, -583.73865), clearing_loop_marker (-19.165047, 9.593016, -583.73865)
PASS  leg 4 (down MiniStair4): the end is reached on foot  (-20.428574, 10.221128, -581.35364) vs (-19.165047, 9.593016, -583.73865)
PASS  leg 4: the swim put them at the foot of another flight, still walking  MiniStair1 at (-12.209394, 9.559118, -578.43134) vs (-12.209394, 9.577209, -578.43134), input True
PASS  the compass follows the leg  objective (-14.586502, 12.73971, -571.0299), clearing_loop_marker (-14.586502, 12.73971, -571.0299)
PASS  leg 5 (up MiniStair1): the end is reached on foot  (-14.28177, 12.698723, -571.9793) vs (-14.586502, 12.73971, -571.0299)
FAIL  leg 5: the swim put them at the foot of another flight, still walking  MiniStair1 at (-15.339884, 10.881026, -568.6842) vs (-12.209394, 9.577209, -578.43134), input False
PASS  the compass follows the leg  objective (-14.586502, 12.73971, -571.0299), clearing_loop_marker (-14.586502, 12.73971, -571.0299)
FAIL  leg 6 (up MiniStair1): the end is reached on foot  (-16.542894, 10.336236, -570.9116) vs (-14.586502, 12.73971, -571.0299)
PASS  the last landing ends in the fall  
PASS  the fall is the saved beat  
PASS  the voice kept calling during the loop  60 calls
PASS  thunder rolled during the loop  44 rolls
PASS  blood rained harder with every leg  
PASS  the blood stops with the fall  
PASS  the ring still stands after the fall  
FAIL  it is still the same night when they wake  Menacing
FAIL  woke on the trail past the clearing, outside the ring  trail 635 m vs clearing 655 m, 18 m from the centre
FAIL  woke in thick fog  height fog -0.048
PASS  control comes back on waking  
PASS  nothing is said on waking  caption alpha 0.00
PASS  the compass points on to the lookout  objective (61, 17.757242, -465), fire_lookout_marker (61, 17.757242, -465)

== Act 7: the lookout
PASS  checkpoint 6 at the lookout  
PASS  the cabin is burning  1
PASS  the giant crosses beyond the burning cabin  
PASS  it walks on the far side of the cabin  giant 159 m, cabin 82 m from the lookout
PASS  only its neck and head clear the trees  size 22
PASS  its feet are on the ground  feet -1.2 m off the terrain (body 22)
PASS  it strides (the gait is running)  phase 4.74
PASS  it is a shadow in the murk  haze 0.75
PASS  the player keeps control while it passes  
PASS  the giant is gone and the sighting is saved  
PASS  the compass points at the bunker  objective (166, 12.402138, -566), bunker_marker (166, 12.402138, -566)

== Acts 8-10: the bunker
PASS  the hatch stays locked until the code is dialled  
PASS  the station's survey lot stands round the bunker  4
PASS  the lantern is in hand for the lot  
PASS  stake 3-1 is unreadable in the plain glow  glow 0.00
PASS  stake 3-1 reads under the gathered beam  glow 0.60
PASS  stake 3-2 is unreadable in the plain glow  glow 0.00
PASS  stake 3-2 reads under the gathered beam  glow 0.60
PASS  stake 3-3 is unreadable in the plain glow  glow 0.00
PASS  stake 3-3 reads under the gathered beam  glow 0.60
PASS  stake 3-4 is unreadable in the plain glow  glow 0.00
PASS  stake 3-4 reads under the gathered beam  glow 0.60
PASS  the four stakes spell the door's code  read 4729, code 4729
PASS  E on the dial holds it up  
PASS  a wrong code keeps the hatch shut  
PASS  the stakes' code opens the bunker door  
PASS  the code is saved (the door stays open on Continue)  
PASS  the dial is put down and control is back  
PASS  checkpoint 7 inside the bunker  
PASS  carried into the interior  
PASS  indoors (forest audio off)  
PASS  the forest stalker stays outside  Dormant
PASS  walked the hallway  
PASS  the lights have gone red  
PASS  the stalker stepped out in the flickering hallway  
PASS  the vine door opens  
PASS  the screens go dark  
PASS  the screens come back showing the stairs  
PASS  the compass points at the dead walkie-talkie on the console  objective (1500.3, -79.047005, -3106.35), walkie_marker (1500.3, -79.047005, -3106.35)
PASS  the walkie-talkie lies dead on the console  
PASS  the radio is in hand, and silent  
PASS  the compass points at the way out  objective (1500, -79, -3001), bunker_entrance_marker (1500, -79, -3001)
PASS  the hallway is gone: a room with three doors  
PASS  the room has three doors  3
PASS  the compass points at the door ahead while the rooms repeat  objective (1800, -79, -3006.6), bunker_entrance_marker (1800, -79, -3006.6)
FAIL  it hangs in the room  room 2 of a random 2
PASS  the rooms repeat until it shows itself  opened 2
PASS  the room went black, only its eyes  
PASS  RUN! went up  
PASS  the doors ahead are dead  
PASS  shoved out into the hall and the door shut behind  (0, 0, 3.1999512)
PASS  the compass points back at the round door  objective (1800, -79, -3006.6), bunker_entrance_marker (1800, -79, -3006.6)
PASS  nothing there when they look back  
PASS  it flashes in front when they look forward again  
PASS  and is gone again  
PASS  the run ends at the round door  
PASS  its clicking rose as they ran  0.12 -> 0.99
PASS  checkpoint 8: the walkie-talkie wakes outside  
PASS  carried out of the bunker  
PASS  the radio is in the saved inventory  lantern,compass,newel_post,radio;tools=

== Act 11: the last climb
PASS  the radio exchange plays  
PASS  the compass points at the last staircase  objective (110, 0, -662), final_stairs_marker (110, 0, -662)
PASS  the last staircase exists, tall  True
PASS  the last staircase is still broken  
PASS  the cap is still in hand at the last staircase  
PASS  the top landing exists  
PASS  walked up the tall flight to the top landing  progress 0.99 at (110.00583, 47.41315, -722.754)
PASS  the hum rose with the climb  progress 0.99
PASS  the last staircase called once or twice on the way up  2 calls
PASS  still in control at the top  
PASS  the broken post's E-point waits on the landing  
PASS  the cap leaves the player's hands  
PASS  the cap seats on the last staircase's post  
PASS  checkpoint 9: the giant's touch  
PASS  the seated cap is saved with it  
PASS  the ending is running  
PASS  they looked up into its eyes  
PASS  trembling, then passed out looking at it  
PASS  the screen is black for the credits  
PASS  control never comes back  

